###############################################################################
#                                                                             #
# IAR ELF Linker V6.40.1.53790/W32 for ARM              09/Aug/2014  10:19:07 #
# Copyright 2007-2012 IAR Systems AB.                                         #
#                                                                             #
#    Output file  =  E:\ShawnDocuments\IAR_WorkSpace\LPLD_Quad_V3\iar\FLASH_M #
#                    INE\Exe\LPLD_Quad_V2_K60.out                             #
#    Map file     =  E:\ShawnDocuments\IAR_WorkSpace\LPLD_Quad_V3\iar\FLASH_M #
#                    INE\List\LPLD_Quad_V2_K60.map                            #
#    Command line =  E:\ShawnDocuments\IAR_WorkSpace\LPLD_Quad_V3\iar\FLASH_M #
#                    INE\Obj\ADNS3080.o E:\ShawnDocuments\IAR_WorkSpace\LPLD_ #
#                    Quad_V3\iar\FLASH_MINE\Obj\ADNS3080data.o                #
#                    E:\ShawnDocuments\IAR_WorkSpace\LPLD_Quad_V3\iar\FLASH_M #
#                    INE\Obj\AK8975Cdata.o E:\ShawnDocuments\IAR_WorkSpace\LP #
#                    LD_Quad_V3\iar\FLASH_MINE\Obj\DEV_LCD.o                  #
#                    E:\ShawnDocuments\IAR_WorkSpace\LPLD_Quad_V3\iar\FLASH_M #
#                    INE\Obj\HCSR04.o E:\ShawnDocuments\IAR_WorkSpace\LPLD_Qu #
#                    ad_V3\iar\FLASH_MINE\Obj\HW_ADC.o                        #
#                    E:\ShawnDocuments\IAR_WorkSpace\LPLD_Quad_V3\iar\FLASH_M #
#                    INE\Obj\HW_CAN.o E:\ShawnDocuments\IAR_WorkSpace\LPLD_Qu #
#                    ad_V3\iar\FLASH_MINE\Obj\HW_DAC.o                        #
#                    E:\ShawnDocuments\IAR_WorkSpace\LPLD_Quad_V3\iar\FLASH_M #
#                    INE\Obj\HW_DMA.o E:\ShawnDocuments\IAR_WorkSpace\LPLD_Qu #
#                    ad_V3\iar\FLASH_MINE\Obj\HW_ENET.o                       #
#                    E:\ShawnDocuments\IAR_WorkSpace\LPLD_Quad_V3\iar\FLASH_M #
#                    INE\Obj\HW_FLASH.o E:\ShawnDocuments\IAR_WorkSpace\LPLD_ #
#                    Quad_V3\iar\FLASH_MINE\Obj\HW_FLEXBUS.o                  #
#                    E:\ShawnDocuments\IAR_WorkSpace\LPLD_Quad_V3\iar\FLASH_M #
#                    INE\Obj\HW_FTM.o E:\ShawnDocuments\IAR_WorkSpace\LPLD_Qu #
#                    ad_V3\iar\FLASH_MINE\Obj\HW_GPIO.o                       #
#                    E:\ShawnDocuments\IAR_WorkSpace\LPLD_Quad_V3\iar\FLASH_M #
#                    INE\Obj\HW_I2C.o E:\ShawnDocuments\IAR_WorkSpace\LPLD_Qu #
#                    ad_V3\iar\FLASH_MINE\Obj\HW_LPTMR.o                      #
#                    E:\ShawnDocuments\IAR_WorkSpace\LPLD_Quad_V3\iar\FLASH_M #
#                    INE\Obj\HW_MCG.o E:\ShawnDocuments\IAR_WorkSpace\LPLD_Qu #
#                    ad_V3\iar\FLASH_MINE\Obj\HW_NVIC.o                       #
#                    E:\ShawnDocuments\IAR_WorkSpace\LPLD_Quad_V3\iar\FLASH_M #
#                    INE\Obj\HW_PDB.o E:\ShawnDocuments\IAR_WorkSpace\LPLD_Qu #
#                    ad_V3\iar\FLASH_MINE\Obj\HW_PIT.o                        #
#                    E:\ShawnDocuments\IAR_WorkSpace\LPLD_Quad_V3\iar\FLASH_M #
#                    INE\Obj\HW_RTC.o E:\ShawnDocuments\IAR_WorkSpace\LPLD_Qu #
#                    ad_V3\iar\FLASH_MINE\Obj\HW_SDHC.o                       #
#                    E:\ShawnDocuments\IAR_WorkSpace\LPLD_Quad_V3\iar\FLASH_M #
#                    INE\Obj\HW_SPI.o E:\ShawnDocuments\IAR_WorkSpace\LPLD_Qu #
#                    ad_V3\iar\FLASH_MINE\Obj\HW_SYSTICK.o                    #
#                    E:\ShawnDocuments\IAR_WorkSpace\LPLD_Quad_V3\iar\FLASH_M #
#                    INE\Obj\HW_TSI.o E:\ShawnDocuments\IAR_WorkSpace\LPLD_Qu #
#                    ad_V3\iar\FLASH_MINE\Obj\HW_UART.o                       #
#                    E:\ShawnDocuments\IAR_WorkSpace\LPLD_Quad_V3\iar\FLASH_M #
#                    INE\Obj\HW_USB.o E:\ShawnDocuments\IAR_WorkSpace\LPLD_Qu #
#                    ad_V3\iar\FLASH_MINE\Obj\HW_WDOG.o                       #
#                    E:\ShawnDocuments\IAR_WorkSpace\LPLD_Quad_V3\iar\FLASH_M #
#                    INE\Obj\I2C_ope.o E:\ShawnDocuments\IAR_WorkSpace\LPLD_Q #
#                    uad_V3\iar\FLASH_MINE\Obj\LPLD_Quad_V2.o                 #
#                    E:\ShawnDocuments\IAR_WorkSpace\LPLD_Quad_V3\iar\FLASH_M #
#                    INE\Obj\MPU6050data.o E:\ShawnDocuments\IAR_WorkSpace\LP #
#                    LD_Quad_V3\iar\FLASH_MINE\Obj\MPU9150.o                  #
#                    E:\ShawnDocuments\IAR_WorkSpace\LPLD_Quad_V3\iar\FLASH_M #
#                    INE\Obj\MPU9150_IO.o E:\ShawnDocuments\IAR_WorkSpace\LPL #
#                    D_Quad_V3\iar\FLASH_MINE\Obj\MS5611.o                    #
#                    E:\ShawnDocuments\IAR_WorkSpace\LPLD_Quad_V3\iar\FLASH_M #
#                    INE\Obj\MS5611data.o E:\ShawnDocuments\IAR_WorkSpace\LPL #
#                    D_Quad_V3\iar\FLASH_MINE\Obj\MyLib.o                     #
#                    E:\ShawnDocuments\IAR_WorkSpace\LPLD_Quad_V3\iar\FLASH_M #
#                    INE\Obj\PWM.o E:\ShawnDocuments\IAR_WorkSpace\LPLD_Quad_ #
#                    V3\iar\FLASH_MINE\Obj\WFLY_RC.o                          #
#                    E:\ShawnDocuments\IAR_WorkSpace\LPLD_Quad_V3\iar\FLASH_M #
#                    INE\Obj\WFLY_RCdata.o E:\ShawnDocuments\IAR_WorkSpace\LP #
#                    LD_Quad_V3\iar\FLASH_MINE\Obj\accfilter.o                #
#                    E:\ShawnDocuments\IAR_WorkSpace\LPLD_Quad_V3\iar\FLASH_M #
#                    INE\Obj\alloc.o E:\ShawnDocuments\IAR_WorkSpace\LPLD_Qua #
#                    d_V3\iar\FLASH_MINE\Obj\assert.o                         #
#                    E:\ShawnDocuments\IAR_WorkSpace\LPLD_Quad_V3\iar\FLASH_M #
#                    INE\Obj\attitude.o E:\ShawnDocuments\IAR_WorkSpace\LPLD_ #
#                    Quad_V3\iar\FLASH_MINE\Obj\battery.o                     #
#                    E:\ShawnDocuments\IAR_WorkSpace\LPLD_Quad_V3\iar\FLASH_M #
#                    INE\Obj\buzzer.o E:\ShawnDocuments\IAR_WorkSpace\LPLD_Qu #
#                    ad_V3\iar\FLASH_MINE\Obj\ctrl.o                          #
#                    E:\ShawnDocuments\IAR_WorkSpace\LPLD_Quad_V3\iar\FLASH_M #
#                    INE\Obj\dataframe.o E:\ShawnDocuments\IAR_WorkSpace\LPLD #
#                    _Quad_V3\iar\FLASH_MINE\Obj\decodedata.o                 #
#                    E:\ShawnDocuments\IAR_WorkSpace\LPLD_Quad_V3\iar\FLASH_M #
#                    INE\Obj\delay.o E:\ShawnDocuments\IAR_WorkSpace\LPLD_Qua #
#                    d_V3\iar\FLASH_MINE\Obj\exception.o                      #
#                    E:\ShawnDocuments\IAR_WorkSpace\LPLD_Quad_V3\iar\FLASH_M #
#                    INE\Obj\flash_rom.o E:\ShawnDocuments\IAR_WorkSpace\LPLD #
#                    _Quad_V3\iar\FLASH_MINE\Obj\flowdata.o                   #
#                    E:\ShawnDocuments\IAR_WorkSpace\LPLD_Quad_V3\iar\FLASH_M #
#                    INE\Obj\flowfilter.o E:\ShawnDocuments\IAR_WorkSpace\LPL #
#                    D_Quad_V3\iar\FLASH_MINE\Obj\getoffset.o                 #
#                    E:\ShawnDocuments\IAR_WorkSpace\LPLD_Quad_V3\iar\FLASH_M #
#                    INE\Obj\gyrfilter.o E:\ShawnDocuments\IAR_WorkSpace\LPLD #
#                    _Quad_V3\iar\FLASH_MINE\Obj\io.o                         #
#                    E:\ShawnDocuments\IAR_WorkSpace\LPLD_Quad_V3\iar\FLASH_M #
#                    INE\Obj\lights.o E:\ShawnDocuments\IAR_WorkSpace\LPLD_Qu #
#                    ad_V3\iar\FLASH_MINE\Obj\magfilter.o                     #
#                    E:\ShawnDocuments\IAR_WorkSpace\LPLD_Quad_V3\iar\FLASH_M #
#                    INE\Obj\myqueue.o E:\ShawnDocuments\IAR_WorkSpace\LPLD_Q #
#                    uad_V3\iar\FLASH_MINE\Obj\param.o                        #
#                    E:\ShawnDocuments\IAR_WorkSpace\LPLD_Quad_V3\iar\FLASH_M #
#                    INE\Obj\pid.o E:\ShawnDocuments\IAR_WorkSpace\LPLD_Quad_ #
#                    V3\iar\FLASH_MINE\Obj\printf.o                           #
#                    E:\ShawnDocuments\IAR_WorkSpace\LPLD_Quad_V3\iar\FLASH_M #
#                    INE\Obj\quaternion.o E:\ShawnDocuments\IAR_WorkSpace\LPL #
#                    D_Quad_V3\iar\FLASH_MINE\Obj\queue.o                     #
#                    E:\ShawnDocuments\IAR_WorkSpace\LPLD_Quad_V3\iar\FLASH_M #
#                    INE\Obj\relocate.o E:\ShawnDocuments\IAR_WorkSpace\LPLD_ #
#                    Quad_V3\iar\FLASH_MINE\Obj\sensorfusion.o                #
#                    E:\ShawnDocuments\IAR_WorkSpace\LPLD_Quad_V3\iar\FLASH_M #
#                    INE\Obj\startup_K60.o E:\ShawnDocuments\IAR_WorkSpace\LP #
#                    LD_Quad_V3\iar\FLASH_MINE\Obj\stdlib.o                   #
#                    E:\ShawnDocuments\IAR_WorkSpace\LPLD_Quad_V3\iar\FLASH_M #
#                    INE\Obj\switches.o E:\ShawnDocuments\IAR_WorkSpace\LPLD_ #
#                    Quad_V3\iar\FLASH_MINE\Obj\sysflag.o                     #
#                    E:\ShawnDocuments\IAR_WorkSpace\LPLD_Quad_V3\iar\FLASH_M #
#                    INE\Obj\system_MK60DZ10.o E:\ShawnDocuments\IAR_WorkSpac #
#                    e\LPLD_Quad_V3\iar\FLASH_MINE\Obj\timer.o                #
#                    E:\ShawnDocuments\IAR_WorkSpace\LPLD_Quad_V3\iar\FLASH_M #
#                    INE\Obj\uart.o E:\ShawnDocuments\IAR_WorkSpace\LPLD_Quad #
#                    _V3\iar\FLASH_MINE\Obj\uartqueue.o                       #
#                    E:\ShawnDocuments\IAR_WorkSpace\LPLD_Quad_V3\iar\FLASH_M #
#                    INE\Obj\uif.o E:\ShawnDocuments\IAR_WorkSpace\LPLD_Quad_ #
#                    V3\iar\FLASH_MINE\Obj\uploaddata.o --redirect            #
#                    _Printf=_PrintfFull --redirect _Scanf=_ScanfFull -o      #
#                    E:\ShawnDocuments\IAR_WorkSpace\LPLD_Quad_V3\iar\FLASH_M #
#                    INE\Exe\LPLD_Quad_V2_K60.out --map                       #
#                    E:\ShawnDocuments\IAR_WorkSpace\LPLD_Quad_V3\iar\FLASH_M #
#                    INE\List\LPLD_Quad_V2_K60.map --config                   #
#                    E:\ShawnDocuments\IAR_WorkSpace\LPLD_Quad_V3\iar\..\sour #
#                    ce\lib\iar_config_files\LPLD_K60DN512_FLASH_MINE.icf     #
#                    --semihosting --entry __iar_program_start "D:\Program    #
#                    Files\IAR Systems\Embedded Workbench                     #
#                    6.4\arm\CMSIS\Lib\IAR\iar_cortexM4l_math.a" --vfe        #
#                                                                             #
#                                                                             #
###############################################################################

*******************************************************************************
*** RUNTIME MODEL ATTRIBUTES
***

CppFlavor       = *
__SystemLibrary = DLib


*******************************************************************************
*** PLACEMENT SUMMARY
***

"A1":  place at 0x00000000 { ro section .intvec };
"A2":  place at 0x00000410 { ro section .noinit };
"P1":  place in [from 0x00000000 to 0x00080000] { ro, block CodeRelocate };
"P2":  place in [from 0x1fff0410 to 0x20010000] {
          rw, block CodeRelocateRam, block CSTACK, block HEAP };

  Section              Kind        Address    Size  Object
  -------              ----        -------    ----  ------
"A1":                                        0x400
  .intvec              ro code  0x00000000   0x400  startup_K60.o [1]
                              - 0x00000400   0x400

"A2":                                         0x14
  .noinit              ro code  0x00000410    0x10  startup_K60.o [1]
  .noinit              ro code  0x00000420     0x4  startup_K60.o [1]
                              - 0x00000424    0x14

"P1":                                       0xbedc
  .text                ro code  0x00000424   0xcfc  LPLD_Quad_V2.o [1]
  .text                ro code  0x00001120   0x192  getoffset.o [1]
  .text                ro code  0x000012b2    0x22  zero_init3.o [5]
  .text                ro code  0x000012d4   0x11c  MPU6050data.o [1]
  .text                ro code  0x000013f0    0xa8  AK8975Cdata.o [1]
  .text                ro code  0x00001498   0x120  attitude.o [1]
  .text                ro code  0x000015b8   0x49c  uploaddata.o [1]
  .text                ro code  0x00001a54    0xb8  battery.o [1]
  .text                ro code  0x00001b0c   0x138  MS5611data.o [1]
  .text                ro code  0x00001c44    0xd8  FltMul.o [4]
  .text                ro code  0x00001d1c   0x314  PWM.o [1]
  .text                ro code  0x00002030    0x44  FltToS32.o [4]
  .text                ro code  0x00002074   0x12c  sysflag.o [1]
  .text                ro code  0x000021a0   0x164  buzzer.o [1]
  .text                ro code  0x00002304   0x1dc  switches.o [1]
  .text                ro code  0x000024e0   0x402  lights.o [1]
  .text                ro code  0x000028e4   0x330  param.o [1]
  .text                ro code  0x00002c14    0x76  ABImemcpy.o [5]
  .text                ro code  0x00002c8c   0x3dc  WFLY_RCdata.o [1]
  .text                ro code  0x00003068    0x5c  delay.o [1]
  .text                ro code  0x000030c4   0x4cc  uartqueue.o [1]
  .text                ro code  0x00003590   0x830  ctrl.o [1]
  .text                ro code  0x00003dc0   0x200  ADNS3080data.o [1]
  .text                ro code  0x00003fc0    0x32  I32ToFlt.o [4]
  .text                ro code  0x00003ff4    0xfc  FltDiv.o [4]
  .text                ro code  0x000040f0    0x24  FltCmpLe.o [4]
  .text                ro code  0x00004114    0x24  FltCmpGe.o [4]
  .text                ro code  0x00004138    0x84  FltAdd.o [4]
  .text                ro code  0x000041bc    0xe6  FltSub.o [4]
  .text                ro code  0x000042a4   0x56a  printf.o [1]
  .text                ro code  0x00004810   0x620  quaternion.o [1]
  .text                ro code  0x00004e30   0x418  uart.o [1]
  .text                ro code  0x00005248    0xe0  ADNS3080.o [1]
  .text                ro code  0x00005328   0x224  MPU9150.o [1]
  .text                ro code  0x0000554c   0x248  HCSR04.o [1]
  .text                ro code  0x00005794    0xd0  timer.o [1]
  .text                ro code  0x00005864   0x47c  WFLY_RC.o [1]
  .text                ro code  0x00005ce0   0x3a4  MS5611.o [1]
  .text                ro code  0x00006084   0x140  flash_rom.o [1]
  .text                ro code  0x000061c4    0xe8  accfilter.o [1]
  .text                ro code  0x000062ac    0x68  gyrfilter.o [1]
  .text                ro code  0x00006314    0x3c  magfilter.o [1]
  .text                ro code  0x00006350   0x6ec  sensorfusion.o [1]
  .text                ro code  0x00006a3c     0x6  ABImemclr4.o [5]
  .text                ro code  0x00006a44   0x420  HW_ADC.o [1]
  .text                ro code  0x00006e64   0x92c  HW_FTM.o [1]
  .text                ro code  0x00007790   0x162  MyLib.o [1]
  .text                ro code  0x000078f4   0x23c  HW_GPIO.o [1]
  .text                ro code  0x00007b30   0x14c  HW_PIT.o [1]
  .text                ro code  0x00007c7c    0x84  dataframe.o [1]
  .text                ro code  0x00007d00   0x4a4  pid.o [1]
  .text                ro code  0x000081a4    0xf2  myqueue.o [1]
  .text                ro code  0x00008298   0x648  HW_UART.o [1]
  .text                ro code  0x000088e0    0x4e  FltToDbl.o [4]
  .text                ro code  0x00008930   0x1a2  DblMul.o [4]
  .text                ro code  0x00008ad4    0x90  DblToFlt.o [4]
  .text                ro code  0x00008b64    0x50  exception.o [1]
  .text                ro code  0x00008bb4     0x6  cos.o [4]
  .text                ro code  0x00008bba     0x6  sin.o [4]
  .text                ro code  0x00008bc0   0x180  DblSub.o [4]
  .text                ro code  0x00008d40    0xe8  DblAdd.o [4]
  .text                ro code  0x00008e28    0x22  stdlib.o [1]
  .text                ro code  0x00008e4c   0x110  atan2.o [4]
  .text                ro code  0x00008f5c    0xf6  asin.o [4]
  .text                ro code  0x00009054   0x400  decodedata.o [1]
  .text                ro code  0x00009454   0x1ac  flowdata.o [1]
  .text                ro code  0x00009600    0xc0  flowfilter.o [1]
  .text                ro code  0x000096c0    0x2e  DblCmpLe.o [4]
  .text                ro code  0x000096f0   0x984  HW_SPI.o [1]
  .text                ro code  0x0000a074   0x2e0  HW_I2C.o [1]
  .text                ro code  0x0000a354   0x1ba  I2C_ope.o [1]
  .text                ro code  0x0000a510   0x132  I64DivMod.o [5]
  .text                ro code  0x0000a644   0x1f0  HW_FLASH.o [1]
  .text                ro code  0x0000a834    0x32  ABImemset48.o [5]
  .text                ro code  0x0000a868    0x1c  FltCmpEq.o [4]
  .text                ro code  0x0000a884    0x90  alloc.o [1]
  .text                ro code  0x0000a914   0x42a  xsin.o [4]
  .text                ro code  0x0000ad40   0x246  DblDiv.o [4]
  .rodata              const    0x0000af88    0x14  buzzer.o [1]
  .text                ro code  0x0000afa0   0x1e0  xatan.o [4]
  .text                ro code  0x0000b180    0xf0  sqrt.o [4]
  .text                ro code  0x0000b270     0xc  errno.o [3]
  .text                ro code  0x0000b27c     0x2  I64DivZer.o [5]
  .text                ro code  0x0000b280    0x2e  DblCmpGe.o [4]
  .text                ro code  0x0000b2b0    0x4c  DblToI32.o [4]
  .text                ro code  0x0000b2fc    0x2c  I32ToDbl.o [4]
  .text                ro code  0x0000b328   0x160  xquad.o [4]
  .text                ro code  0x0000b488     0xc  iarEdom.o [5]
  .text                ro code  0x0000b494     0x2  xtls.o [3]
  .text                ro code  0x0000b496    0x7e  xdint.o [4]
  .text                ro code  0x0000b514    0x20  DblCmpEq.o [4]
  .text                ro code  0x0000b534   0x1a8  fmod.o [4]
  .text                ro code  0x0000b6dc   0x1f6  HW_CAN.o [1]
  Veneer               ro code  0x0000b8d4     0x8  - Linker created -
  .text                ro code  0x0000b8dc   0x1f0  HW_MCG.o [1]
  .text                ro code  0x0000bacc   0x16c  HW_DMA.o [1]
  .text                ro code  0x0000bc38   0x100  system_MK60DZ10.o [1]
  .text                ro code  0x0000bd38    0xc0  relocate.o [1]
  .text                ro code  0x0000bdf8    0xf4  HW_DAC.o [1]
  .data_init                    0x0000beec    0x90  <Block>
    Initializer bytes  ro data  0x0000beec    0x90  <for .data-1>
  .text                ro code  0x0000bf7c    0x80  HW_ENET.o [1]
  .text                ro code  0x0000bffc    0x80  HW_PDB.o [1]
  .text                ro code  0x0000c07c    0x70  HW_TSI.o [1]
  .text                ro code  0x0000c0ec    0x60  HW_RTC.o [1]
  CodeRelocate                  0x0000c14c    0x50  <Block>
    Initializer bytes  ro data  0x0000c14c    0x50  <for CodeRelocateRam-1>
  .text                ro code  0x0000c19c    0x28  data_init3.o [5]
  .iar.init_table      const    0x0000c1c4    0x18  - Linker created -
  .rodata              const    0x0000c1dc    0x20  dataframe.o [1]
  .text                ro code  0x0000c1fc    0x20  HW_LPTMR.o [1]
  .text                ro code  0x0000c21c    0x16  cmain.o [5]
  .text                ro code  0x0000c232     0x4  low_level_init.o [3]
  .text                ro code  0x0000c236     0x4  exit.o [3]
  .text                ro code  0x0000c23c     0xa  cexit.o [5]
  .text                ro code  0x0000c248    0x14  exit.o [6]
  .rodata              const    0x0000c25c    0x10  LPLD_Quad_V2.o [1]
  .rodata              const    0x0000c26c    0x10  uart.o [1]
  .text                ro code  0x0000c27c    0x10  HW_SYSTICK.o [1]
  .text                ro code  0x0000c28c    0x10  HW_USB.o [1]
  .rodata              const    0x0000c29c     0xc  LPLD_Quad_V2.o [1]
  .rodata              const    0x0000c2a8     0xc  uart.o [1]
  .text                ro code  0x0000c2b4     0xc  cstartup_M.o [5]
  .rodata              const    0x0000c2c0     0x8  LPLD_Quad_V2.o [1]
  .rodata              const    0x0000c2c8     0x4  ADNS3080data.o [1]
  .rodata              const    0x0000c2cc     0x4  WFLY_RCdata.o [1]
  .rodata              const    0x0000c2d0     0x4  WFLY_RCdata.o [1]
  .rodata              const    0x0000c2d4     0x4  WFLY_RCdata.o [1]
  .rodata              const    0x0000c2d8     0x4  WFLY_RCdata.o [1]
  .rodata              const    0x0000c2dc     0x4  WFLY_RCdata.o [1]
  .rodata              const    0x0000c2e0     0x4  WFLY_RCdata.o [1]
  .rodata              const    0x0000c2e4     0x4  ctrl.o [1]
  .rodata              const    0x0000c2e8     0x4  ctrl.o [1]
  .rodata              const    0x0000c2ec     0x4  ctrl.o [1]
  .rodata              const    0x0000c2f0     0x4  ctrl.o [1]
  .rodata              const    0x0000c2f4     0x4  exception.o [1]
  .rodata              const    0x0000c2f8     0x4  sensorfusion.o [1]
  .rodata              const    0x0000c2fc     0x4  sensorfusion.o [1]
  .rodata              const    0x0000c300     0x0  zero_init3.o [5]
                              - 0x0000c300  0xbedc

"P2", part 1 of 4:                            0xe0
  .data                         0x1fff0410    0x90  <Block>
    .data-1                     0x1fff0410    0x90  <Init block>
      .data            inited   0x1fff0410     0xc  AK8975Cdata.o [1]
      .data            inited   0x1fff041c     0x4  HW_MCG.o [1]
      .data            inited   0x1fff0420     0x4  HW_MCG.o [1]
      .data            inited   0x1fff0424     0x4  HW_MCG.o [1]
      .data            inited   0x1fff0428     0x4  HW_MCG.o [1]
      .data            inited   0x1fff042c     0xc  MPU6050data.o [1]
      .data            inited   0x1fff0438     0xc  MPU6050data.o [1]
      .data            inited   0x1fff0444    0x10  WFLY_RCdata.o [1]
      .data            inited   0x1fff0454    0x10  WFLY_RCdata.o [1]
      .data            inited   0x1fff0464    0x14  ctrl.o [1]
      .data            inited   0x1fff0478     0x8  decodedata.o [1]
      .data            inited   0x1fff0480     0x4  exception.o [1]
      .data            inited   0x1fff0484     0x4  exception.o [1]
      .data            inited   0x1fff0488     0x8  getoffset.o [1]
      .data            inited   0x1fff0490     0x8  getoffset.o [1]
      .data            inited   0x1fff0498     0x4  sensorfusion.o [1]
      .data            inited   0x1fff049c     0x4  system_MK60DZ10.o [1]
  CodeRelocateRam               0x1fff04a0    0x50  <Block>
    CodeRelocateRam-1           0x1fff04a0    0x50  <Init block>
      .textrw          inited   0x1fff04a0    0x50  HW_MCG.o [1]
                              - 0x1fff04f0    0xe0

"P2", part 2 of 4:                           0xa18
  .bss                          0x1fff04f0   0xa11  <Block>
    .bss               zero     0x1fff04f0    0x50  MS5611.o [1]
    .bss               zero     0x1fff0540    0x50  MS5611data.o [1]
    .bss               zero     0x1fff0590     0x8  timer.o [1]
    .bss               zero     0x1fff0598     0x8  ADNS3080data.o [1]
    .bss               zero     0x1fff05a0     0x8  ADNS3080data.o [1]
    .bss               zero     0x1fff05a8     0x8  ADNS3080data.o [1]
    .bss               zero     0x1fff05b0     0x8  AK8975Cdata.o [1]
    .bss               zero     0x1fff05b8     0x4  AK8975Cdata.o [1]
    .bss               zero     0x1fff05bc    0x14  HCSR04.o [1]
    .bss               zero     0x1fff05d0    0x14  HCSR04.o [1]
    .bss               zero     0x1fff05e4     0x4  HCSR04.o [1]
    .bss               zero     0x1fff05e8     0x8  HW_ADC.o [1]
    .bss               zero     0x1fff05f0   0x100  HW_CAN.o [1]
    .bss               zero     0x1fff06f0    0x40  HW_CAN.o [1]
    .bss               zero     0x1fff0730    0x40  HW_CAN.o [1]
    .bss               zero     0x1fff0770     0x8  HW_DAC.o [1]
    .bss               zero     0x1fff0778     0x8  HW_DAC.o [1]
    .bss               zero     0x1fff0780     0x8  HW_DAC.o [1]
    .bss               zero     0x1fff0788    0x40  HW_DMA.o [1]
    .bss               zero     0x1fff07c8    0x10  HW_ENET.o [1]
    .bss               zero     0x1fff07d8     0xc  HW_FTM.o [1]
    .bss               zero     0x1fff07e4    0x14  HW_GPIO.o [1]
    .bss               zero     0x1fff07f8     0x8  HW_I2C.o [1]
    .bss               zero     0x1fff0800     0x4  HW_LPTMR.o [1]
    .bss               zero     0x1fff0804     0x4  HW_PDB.o [1]
    .bss               zero     0x1fff0808     0x4  HW_PDB.o [1]
    .bss               zero     0x1fff080c    0x10  HW_PIT.o [1]
    .bss               zero     0x1fff081c     0xc  HW_RTC.o [1]
    .bss               zero     0x1fff0828    0x18  HW_SPI.o [1]
    .bss               zero     0x1fff0840    0x18  HW_SPI.o [1]
    .bss               zero     0x1fff0858    0x18  HW_SPI.o [1]
    .bss               zero     0x1fff0870     0x4  HW_SYSTICK.o [1]
    .bss               zero     0x1fff0874     0x8  HW_TSI.o [1]
    .bss               zero     0x1fff087c    0x18  HW_UART.o [1]
    .bss               zero     0x1fff0894    0x18  HW_UART.o [1]
    .bss               zero     0x1fff08ac     0x4  HW_USB.o [1]
    .bss               zero     0x1fff08b0     0x4  LPLD_Quad_V2.o [1]
    .bss               zero     0x1fff08b4    0x10  MPU6050data.o [1]
    .bss               zero     0x1fff08c4     0x4  MS5611data.o [1]
    .bss               zero     0x1fff08c8     0x4  MS5611data.o [1]
    .bss               zero     0x1fff08cc     0x4  MS5611data.o [1]
    .bss               zero     0x1fff08d0     0x4  MS5611data.o [1]
    .bss               zero     0x1fff08d4    0x40  MS5611data.o [1]
    .bss               zero     0x1fff0914     0x4  MS5611data.o [1]
    .bss               zero     0x1fff0918    0x30  PWM.o [1]
    .bss               zero     0x1fff0948    0x18  WFLY_RC.o [1]
    .bss               zero     0x1fff0960    0x14  WFLY_RC.o [1]
    .bss               zero     0x1fff0974    0x18  WFLY_RC.o [1]
    .bss               zero     0x1fff098c    0x60  accfilter.o [1]
    .bss               zero     0x1fff09ec     0xc  accfilter.o [1]
    .bss               zero     0x1fff09f8    0x10  alloc.o [1]
    .bss               zero     0x1fff0a08     0x4  alloc.o [1]
    .bss               zero     0x1fff0a0c    0x10  attitude.o [1]
    .bss               zero     0x1fff0a1c     0xc  attitude.o [1]
    .bss               zero     0x1fff0a28     0x4  buzzer.o [1]
    .bss               zero     0x1fff0a2c    0x3c  ctrl.o [1]
    .bss               zero     0x1fff0a68    0x30  ctrl.o [1]
    .bss               zero     0x1fff0a98    0x3c  ctrl.o [1]
    .bss               zero     0x1fff0ad4    0x28  ctrl.o [1]
    .bss               zero     0x1fff0afc     0x4  ctrl.o [1]
    .bss               zero     0x1fff0b00     0x4  ctrl.o [1]
    .bss               zero     0x1fff0b04     0xc  ctrl.o [1]
    .bss               zero     0x1fff0b10   0x140  flowfilter.o [1]
    .bss               zero     0x1fff0c50    0x10  flowfilter.o [1]
    .bss               zero     0x1fff0c60     0x8  getoffset.o [1]
    .bss               zero     0x1fff0c68     0xc  gyrfilter.o [1]
    .bss               zero     0x1fff0c74     0xc  magfilter.o [1]
    .bss               zero     0x1fff0c80    0xa0  param.o [1]
    .bss               zero     0x1fff0d20    0x3c  pid.o [1]
    .bss               zero     0x1fff0d5c    0x18  pid.o [1]
    .bss               zero     0x1fff0d74    0x14  pid.o [1]
    .bss               zero     0x1fff0d88     0x8  pid.o [1]
    .bss               zero     0x1fff0d90    0x28  pid.o [1]
    .bss               zero     0x1fff0db8    0x10  pid.o [1]
    .bss               zero     0x1fff0dc8    0x10  sysflag.o [1]
    .bss               zero     0x1fff0dd8     0x8  sysflag.o [1]
    .bss               zero     0x1fff0de0     0x4  timer.o [1]
    .bss               zero     0x1fff0de4     0x4  timer.o [1]
    .bss               zero     0x1fff0de8     0x4  timer.o [1]
    .bss               zero     0x1fff0dec     0x4  timer.o [1]
    .bss               zero     0x1fff0df0     0x4  timer.o [1]
    .bss               zero     0x1fff0df4     0x4  timer.o [1]
    .bss               zero     0x1fff0df8    0x10  uart.o [1]
    .bss               zero     0x1fff0e08     0x4  uart.o [1]
    .bss               zero     0x1fff0e0c     0x4  uart.o [1]
    .bss               zero     0x1fff0e10     0x4  uart.o [1]
    .bss               zero     0x1fff0e14     0x4  uart.o [1]
    .bss               zero     0x1fff0e18    0x14  uart.o [1]
    .bss               zero     0x1fff0e2c     0x4  uart.o [1]
    .bss               zero     0x1fff0e30     0x4  uart.o [1]
    .bss               zero     0x1fff0e34     0x4  uart.o [1]
    .bss               zero     0x1fff0e38     0x4  uart.o [1]
    .bss               zero     0x1fff0e3c    0x18  uartqueue.o [1]
    .bss               zero     0x1fff0e54    0x18  uartqueue.o [1]
    .bss               zero     0x1fff0e6c    0x84  uploaddata.o [1]
    .bss               zero     0x1fff0ef0     0x2  HCSR04.o [1]
    .bss               zero     0x1fff0ef2     0x2  battery.o [1]
    .bss               zero     0x1fff0ef4     0x1  HCSR04.o [1]
    .bss               zero     0x1fff0ef5     0x1  HCSR04.o [1]
    .bss               zero     0x1fff0ef6     0x1  HCSR04.o [1]
    .bss               zero     0x1fff0ef7     0x1  MS5611.o [1]
    .bss               zero     0x1fff0ef8     0x1  WFLY_RC.o [1]
    .bss               zero     0x1fff0ef9     0x1  accfilter.o [1]
    .bss               zero     0x1fff0efa     0x1  buzzer.o [1]
    .bss               zero     0x1fff0efb     0x1  buzzer.o [1]
    .bss               zero     0x1fff0efc     0x1  decodedata.o [1]
    .bss               zero     0x1fff0efd     0x1  decodedata.o [1]
    .bss               zero     0x1fff0efe     0x1  decodedata.o [1]
    .bss               zero     0x1fff0eff     0x1  decodedata.o [1]
    .bss               zero     0x1fff0f00     0x1  uart.o [1]
                              - 0x1fff0f01   0xa11

"P2", part 3 of 4:                          0x1200
  CSTACK                        0x1fff0f08   0xe00  <Block>
    CSTACK             uninit   0x1fff0f08   0xe00  <Block tail>
  HEAP                          0x1fff1d08   0x400  <Block>
    HEAP               uninit   0x1fff1d08   0x400  <Block tail>
                              - 0x1fff2108  0x1200

"P2", part 4 of 4:                             0x4
  __DLIB_PERTHREAD     zero     0x1fff2108     0x4  errno.o [3]
                              - 0x1fff210c     0x4


*******************************************************************************
*** INIT TABLE
***

          Address     Size
          -------     ----
Zero (__iar_zero_init3)
    2 destination ranges, total size 0xa15:
          0x1fff04f0  0xa11
          0x1fff2108    0x4



*******************************************************************************
*** MODULE SUMMARY
***

    Module             ro code  rw code  ro data  rw data
    ------             -------  -------  -------  -------
E:\ShawnDocuments\IAR_WorkSpace\LPLD_Quad_V3\iar\FLASH_MINE\Obj: [1]
    ADNS3080.o             224
    ADNS3080data.o         512                 4       24
    AK8975Cdata.o          168                12       24
    HCSR04.o               584                         49
    HW_ADC.o             1 056                          8
    HW_CAN.o               502                        384
    HW_DAC.o               244                         24
    HW_DMA.o               364                         64
    HW_ENET.o              128                         16
    HW_FLASH.o             496
    HW_FTM.o             2 348                         12
    HW_GPIO.o              572                         20
    HW_I2C.o               736                          8
    HW_LPTMR.o              32                          4
    HW_MCG.o               496       80       96       16
    HW_PDB.o               128                          8
    HW_PIT.o               332                         16
    HW_RTC.o                96                         12
    HW_SPI.o             2 436                         72
    HW_SYSTICK.o            16                          4
    HW_TSI.o               112                          8
    HW_UART.o            1 608                         48
    HW_USB.o                16                          4
    I2C_ope.o              442
    LPLD_Quad_V2.o       3 324                36        4
    MPU6050data.o          284                24       40
    MPU9150.o              548
    MS5611.o               932                         81
    MS5611data.o           312                        164
    MyLib.o                354
    PWM.o                  788                         48
    WFLY_RC.o            1 148                         69
    WFLY_RCdata.o          988                56       32
    accfilter.o            232                        109
    alloc.o                144                         20
    attitude.o             288                         28
    battery.o              184                          2
    buzzer.o               356                20        6
    ctrl.o               2 096                36      248
    dataframe.o            132                32
    decodedata.o         1 024                 8       12
    delay.o                 92
    exception.o             80                12        8
    flash_rom.o            320
    flowdata.o             428
    flowfilter.o           192                        336
    getoffset.o            402                16       24
    gyrfilter.o            104                         12
    lights.o             1 026
    magfilter.o             60                         12
    myqueue.o              242
    param.o                816                        160
    pid.o                1 188                        168
    printf.o             1 386
    quaternion.o         1 568
    relocate.o             192
    sensorfusion.o       1 772                12        4
    startup_K60.o        1 044
    stdlib.o                34
    switches.o             476
    sysflag.o              300                         24
    system_MK60DZ10.o      256                 4        4
    timer.o                208                         32
    uart.o               1 048                28       69
    uartqueue.o          1 228                         48
    uploaddata.o         1 180                        132
    -----------------------------------------------------
    Total:              42 424       80      396    2 721

command line: [2]
    -----------------------------------------------------
    Total:

dl7M_tln.a: [3]
    errno.o                 12                          4
    exit.o                   4
    low_level_init.o         4
    xtls.o                   2
    -----------------------------------------------------
    Total:                  22                          4

m7M_tl.a: [4]
    DblAdd.o               232
    DblCmpEq.o              32
    DblCmpGe.o              46
    DblCmpLe.o              46
    DblDiv.o               582
    DblMul.o               418
    DblSub.o               384
    DblToFlt.o             144
    DblToI32.o              76
    FltAdd.o               132
    FltCmpEq.o              28
    FltCmpGe.o              36
    FltCmpLe.o              36
    FltDiv.o               252
    FltMul.o               216
    FltSub.o               230
    FltToDbl.o              78
    FltToS32.o              68
    I32ToDbl.o              44
    I32ToFlt.o              50
    asin.o                 246
    atan2.o                272
    cos.o                    6
    fmod.o                 424
    sin.o                    6
    sqrt.o                 240
    xatan.o                480
    xdint.o                126
    xquad.o                352
    xsin.o               1 066
    -----------------------------------------------------
    Total:               6 348

rt7M_tl.a: [5]
    ABImemclr4.o             6
    ABImemcpy.o            118
    ABImemset48.o           50
    I64DivMod.o            306
    I64DivZer.o              2
    cexit.o                 10
    cmain.o                 22
    cstartup_M.o            12
    data_init3.o            40
    iarEdom.o               12
    zero_init3.o            34
    -----------------------------------------------------
    Total:                 612

shb_l.a: [6]
    exit.o                  20
    -----------------------------------------------------
    Total:                  20

    Gaps                    48                 2
    Linker created           8                24    4 608
---------------------------------------------------------
    Grand Total:        49 482       80      422    7 333


*******************************************************************************
*** ENTRY LIST
***

Entry                      Address   Size  Type      Object
-----                      -------   ----  ----      ------
.bss$$Base              0x1fff04f0          --   Gb  - Linker created -
.bss$$Limit             0x1fff0f01          --   Gb  - Linker created -
.data$$Base             0x1fff0410          --   Gb  - Linker created -
.data$$Limit            0x1fff04a0          --   Gb  - Linker created -
.data_init$$Base        0x0000beec          --   Gb  - Linker created -
.data_init$$Limit       0x0000bf7c          --   Gb  - Linker created -
?main                   0x0000c21d         Code  Gb  cmain.o [5]
ADC0_IRQHandler         0x00006e29    0xa  Code  Gb  HW_ADC.o [1]
ADC1_IRQHandler         0x00006e33    0xa  Code  Gb  HW_ADC.o [1]
ADC_ISR                 0x1fff05e8    0x8  Data  Gb  HW_ADC.o [1]
ADNS3080_GetIntegratedPosition
                        0x00003fa1    0x4  Code  Gb  ADNS3080data.o [1]
ADNS3080_GetRawData     0x00003e0f    0x4  Code  Gb  ADNS3080data.o [1]
ADNS3080_IntegratePixel
                        0x00003e13   0x1a  Code  Gb  ADNS3080data.o [1]
ADNS3080_IntergratePositionWithGyrAttitude
                        0x00003e2d  0x174  Code  Gb  ADNS3080data.o [1]
ADNS3080_MotionBurst    0x000052ed   0x3c  Code  Gb  ADNS3080.o [1]
ADNS3080_RefreshRawData
                        0x00003dc1   0x4e  Code  Gb  ADNS3080data.o [1]
ADNS3080_SPI_WriteRead  0x000052a5   0x42  Code  Gb  ADNS3080.o [1]
AK8975C_GetCalibratedMag
                        0x00001453   0x34  Code  Gb  AK8975Cdata.o [1]
AK8975C_GetRawData      0x00005515   0x38  Code  Gb  MPU9150.o [1]
AK8975C_InitRawData     0x000013f1   0x1e  Code  Gb  AK8975Cdata.o [1]
AK8975C_MultiReadReg    0x000054eb   0x20  Code  Gb  MPU9150.o [1]
AK8975C_RefreshRawData  0x0000140f   0x44  Code  Gb  AK8975Cdata.o [1]
AK8975C_SingleReadReg   0x00005491   0x14  Code  Gb  MPU9150.o [1]
AK8975C_SingleWriteReg  0x00005475   0x1c  Code  Gb  MPU9150.o [1]
AK8975C_StartMeasure    0x000054b9    0xc  Code  Gb  MPU9150.o [1]
AK8975C_WaitMeasureComplete
                        0x000054c5   0x26  Code  Gb  MPU9150.o [1]
AccFilterGetCurrent     0x0000629d    0x4  Code  Gb  accfilter.o [1]
AccFilterInput          0x00006205   0x98  Code  Gb  accfilter.o [1]
AddSpeedToPosition      0x000094bb  0x108  Code  Gb  flowdata.o [1]
ApplyQuadParam          0x00002ae5   0xe2  Code  Gb  param.o [1]
AttitudeInit            0x00001499   0x1a  Code  Gb  attitude.o [1]
AttitudeInputAcc        0x000014b7    0xc  Code  Gb  attitude.o [1]
AttitudeInputGyr        0x000014c3    0xc  Code  Gb  attitude.o [1]
AttitudeInputMag        0x000014cf    0xc  Code  Gb  attitude.o [1]
AttitudeMixGyrAcc       0x000014ff   0x1a  Code  Gb  attitude.o [1]
AttitudeMixGyrAccMag    0x000014db   0x24  Code  Gb  attitude.o [1]
BatteryVoltageADCIsr    0x00001abd   0x1a  Code  Gb  battery.o [1]
BusFault_Handler        0x00000421         Code  Wk  startup_K60.o [1]
BuzzerTimerIsr          0x00002261   0x88  Code  Gb  buzzer.o [1]
CAN0_BUS_OFF_IRQHandler
                        0x0000b849    0x8  Code  Gb  HW_CAN.o [1]
CAN0_ERR_IRQHandler     0x0000b851   0x10  Code  Gb  HW_CAN.o [1]
CAN0_IMEU_IRQHandler    0x0000b877    0x2  Code  Gb  HW_CAN.o [1]
CAN0_ISR                0x1fff06f0   0x40  Data  Gb  HW_CAN.o [1]
CAN0_LR_IRQHandler      0x0000b879    0x2  Code  Gb  HW_CAN.o [1]
CAN0_MESS_IRQHandler    0x0000b841    0x8  Code  Gb  HW_CAN.o [1]
CAN0_RW_IRQHandler      0x0000b86b    0xa  Code  Gb  HW_CAN.o [1]
CAN0_TW_IRQHandler      0x0000b861    0xa  Code  Gb  HW_CAN.o [1]
CAN0_WAKE_UP_IRQHandler
                        0x0000b875    0x2  Code  Gb  HW_CAN.o [1]
CAN1_BUS_OFF_IRQHandler
                        0x0000b883    0x8  Code  Gb  HW_CAN.o [1]
CAN1_ERR_IRQHandler     0x0000b88b   0x10  Code  Gb  HW_CAN.o [1]
CAN1_IMEU_IRQHandler    0x0000b8cf    0x2  Code  Gb  HW_CAN.o [1]
CAN1_ISR                0x1fff0730   0x40  Data  Gb  HW_CAN.o [1]
CAN1_LR_IRQHandler      0x0000b8d1    0x2  Code  Gb  HW_CAN.o [1]
CAN1_MESS_IRQHandler    0x0000b87b    0x8  Code  Gb  HW_CAN.o [1]
CAN1_RW_IRQHandler      0x0000b8a5    0xa  Code  Gb  HW_CAN.o [1]
CAN1_TW_IRQHandler      0x0000b89b    0xa  Code  Gb  HW_CAN.o [1]
CAN1_WAKE_UP_IRQHandler
                        0x0000b8cd    0x2  Code  Gb  HW_CAN.o [1]
CMP0_IRQHandler         0x00000421         Code  Wk  startup_K60.o [1]
CMP1_IRQHandler         0x00000421         Code  Wk  startup_K60.o [1]
CMP2_IRQHandler         0x00000421         Code  Wk  startup_K60.o [1]
CMT_IRQHandler          0x00000421         Code  Wk  startup_K60.o [1]
CSTACK$$Base            0x1fff0f08          --   Gb  - Linker created -
CSTACK$$Limit           0x1fff1d08          --   Gb  - Linker created -
CalculateCrc16_HalfByte
                        0x00007c7d   0x4e  Code  Gb  dataframe.o [1]
CheckDecodedFlag        0x00009375   0x4e  Code  Gb  decodedata.o [1]
CheckFloatUnvalid       0x000095c3   0x2c  Code  Gb  flowdata.o [1]
CheckLastSystemSettingTheSame
                        0x00002171   0x22  Code  Gb  sysflag.o [1]
CheckQuadParamValid     0x0000293f   0x28  Code  Gb  param.o [1]
ClearDecodedFlag        0x00009447    0xe  Code  Gb  decodedata.o [1]
ClearMyQueue            0x00008291    0x6  Code  Gb  myqueue.o [1]
ClearUartRecvQueue      0x0000350b   0x64  Code  Gb  uartqueue.o [1]
CodeRelocate$$Base      0x0000c14c          --   Gb  - Linker created -
CodeRelocate$$Limit     0x0000c19c          --   Gb  - Linker created -
CodeRelocateRam$$Base   0x1fff04a0          --   Gb  - Linker created -
CodeRelocateRam$$Limit  0x1fff04f0          --   Gb  - Linker created -
CommUartSendOneByte     0x00004f1b   0x12  Code  Gb  uart.o [1]
CreateMyQueue           0x000081a5   0x38  Code  Gb  myqueue.o [1]
CtrlCancelModeWithMask  0x00003cfd   0x10  Code  Gb  ctrl.o [1]
CtrlEnterHaltMode       0x00003ab9   0x12  Code  Gb  ctrl.o [1]
CtrlEvent               0x00003a01   0xb8  Code  Gb  ctrl.o [1]
CtrlLockHeightThrottle  0x00003acb   0x50  Code  Gb  ctrl.o [1]
CtrlLockPositionEulerAngle
                        0x00003b1b  0x17e  Code  Gb  ctrl.o [1]
CtrlLockTargetAttitude  0x00003749   0x2c  Code  Gb  ctrl.o [1]
CtrlOutputByTargetAttitude
                        0x000037a3  0x254  Code  Gb  ctrl.o [1]
CtrlOutputSameThrottle  0x00003775   0x22  Code  Gb  ctrl.o [1]
CtrlOutputThrottle      0x00003797    0xc  Code  Gb  ctrl.o [1]
CtrlSetBaseThrottle     0x00003ccb   0x1a  Code  Gb  ctrl.o [1]
CtrlSetMode             0x00003ce5    0x8  Code  Gb  ctrl.o [1]
CtrlSetModeWithMask     0x00003ced   0x10  Code  Gb  ctrl.o [1]
CtrlSetTargetEulerAttitude
                        0x00003c99   0x32  Code  Gb  ctrl.o [1]
CtrlSetTargetHeight     0x00003d0d   0x14  Code  Gb  ctrl.o [1]
CtrlSetTargetPosition   0x00003d21    0xa  Code  Gb  ctrl.o [1]
DAC0_IRQHandler         0x0000bdf9   0x6a  Code  Gb  HW_DAC.o [1]
DAC1_IRQHandler         0x0000be63   0x6a  Code  Gb  HW_DAC.o [1]
DAC_RDPTBOT_ISR         0x1fff0770    0x8  Data  Gb  HW_DAC.o [1]
DAC_RDPTTOP_ISR         0x1fff0778    0x8  Data  Gb  HW_DAC.o [1]
DAC_WATERMK_ISR         0x1fff0780    0x8  Data  Gb  HW_DAC.o [1]
DMA0_IRQHandler         0x0000bacd   0x16  Code  Gb  HW_DMA.o [1]
DMA10_IRQHandler        0x0000bba9   0x16  Code  Gb  HW_DMA.o [1]
DMA11_IRQHandler        0x0000bbbf   0x16  Code  Gb  HW_DMA.o [1]
DMA12_IRQHandler        0x0000bbd5   0x16  Code  Gb  HW_DMA.o [1]
DMA13_IRQHandler        0x0000bbeb   0x16  Code  Gb  HW_DMA.o [1]
DMA14_IRQHandler        0x0000bc01   0x16  Code  Gb  HW_DMA.o [1]
DMA15_IRQHandler        0x0000bc17   0x16  Code  Gb  HW_DMA.o [1]
DMA1_IRQHandler         0x0000bae3   0x16  Code  Gb  HW_DMA.o [1]
DMA2_IRQHandler         0x0000baf9   0x16  Code  Gb  HW_DMA.o [1]
DMA3_IRQHandler         0x0000bb0f   0x16  Code  Gb  HW_DMA.o [1]
DMA4_IRQHandler         0x0000bb25   0x16  Code  Gb  HW_DMA.o [1]
DMA5_IRQHandler         0x0000bb3b   0x16  Code  Gb  HW_DMA.o [1]
DMA6_IRQHandler         0x0000bb51   0x16  Code  Gb  HW_DMA.o [1]
DMA7_IRQHandler         0x0000bb67   0x16  Code  Gb  HW_DMA.o [1]
DMA8_IRQHandler         0x0000bb7d   0x16  Code  Gb  HW_DMA.o [1]
DMA9_IRQHandler         0x0000bb93   0x16  Code  Gb  HW_DMA.o [1]
DMA_ERR_IRQHandler      0x00000421         Code  Wk  startup_K60.o [1]
DMA_ISR                 0x1fff0788   0x40  Data  Gb  HW_DMA.o [1]
DebugMon_Handler        0x00000421         Code  Wk  startup_K60.o [1]
DebugUartRxIsr          0x00004f2d  0x190  Code  Gb  uart.o [1]
DecodeControlParaData   0x000091ed   0xba  Code  Gb  decodedata.o [1]
DecodePX4FLOWData       0x000092a7   0xce  Code  Gb  decodedata.o [1]
DefaultISR              0x0000bd37    0x2  Code  Gb  system_MK60DZ10.o [1]
DelayWithTimer          0x00005831   0x10  Code  Gb  timer.o [1]
ENET_ISR                0x1fff07c8   0x10  Data  Gb  HW_ENET.o [1]
EraseFlashStorage       0x0000608d   0x22  Code  Gb  flash_rom.o [1]
Eth_Err_Misc_IRQHandler
                        0x0000bfdf   0x16  Code  Gb  HW_ENET.o [1]
Eth_IEEE1588_IRQHandler
                        0x0000bfc9   0x16  Code  Gb  HW_ENET.o [1]
Eth_RX_IRQHandler       0x0000bf7d   0x26  Code  Gb  HW_ENET.o [1]
Eth_TX_IRQHandler       0x0000bfa3   0x26  Code  Gb  HW_ENET.o [1]
ExceptionCheckInclination
                        0x00008b65   0x4a  Code  Gb  exception.o [1]
ExchangeUint16Bytes     0x00007cd1   0x30  Code  Gb  dataframe.o [1]
FLASH_CC_IRQHandler     0x00000421         Code  Wk  startup_K60.o [1]
FLASH_RC_IRQHandler     0x00000421         Code  Wk  startup_K60.o [1]
FTM0_IRQHandler         0x000076f9    0xa  Code  Gb  HW_FTM.o [1]
FTM1_IRQHandler         0x00007703    0xa  Code  Gb  HW_FTM.o [1]
FTM2_IRQHandler         0x00007711    0xa  Code  Gb  HW_FTM.o [1]
FTM_ISR                 0x1fff07d8    0xc  Data  Gb  HW_FTM.o [1]
FlashStorageByteProgram
                        0x0000616b   0x14  Code  Gb  flash_rom.o [1]
FlashStorageSectorErase
                        0x0000617f    0xc  Code  Gb  flash_rom.o [1]
FlowFilterGetCurrentFlowComp
                        0x000096ab    0x4  Code  Gb  flowfilter.o [1]
FlowFilterInput         0x00009601   0xaa  Code  Gb  flowfilter.o [1]
Flow_RefreshRawData     0x00009455   0x66  Code  Gb  flowdata.o [1]
FuseGyrAccCrossMethod   0x00006351  0x280  Code  Gb  sensorfusion.o [1]
FuseGyrAccMagCrossMethod
                        0x000065d1  0x458  Code  Gb  sensorfusion.o [1]
GPIO_ISR                0x1fff07e4   0x14  Data  Gb  HW_GPIO.o [1]
GPSUartRxIsr            0x000050bd  0x134  Code  Gb  uart.o [1]
GetAccGyrOffset         0x00001121   0xca  Code  Gb  getoffset.o [1]
GetAccGyrOffsetOpe      0x000011f9   0x3e  Code  Gb  getoffset.o [1]
GetAccOffsetOpe         0x00001237   0x3e  Code  Gb  getoffset.o [1]
GetAttitude             0x000014b3    0x4  Code  Gb  attitude.o [1]
GetControlData          0x000039fb    0x6  Code  Gb  ctrl.o [1]
GetControlParameter     0x000039f7    0x4  Code  Gb  ctrl.o [1]
GetEulerAttitude        0x0000152d    0x4  Code  Gb  attitude.o [1]
GetGyrOffsetOpe         0x00001275   0x3e  Code  Gb  getoffset.o [1]
GetMyQueueSize          0x000081dd   0x1c  Code  Gb  myqueue.o [1]
GetQuadParamInRam       0x00002ae1    0x4  Code  Gb  param.o [1]
GetSystemClockMs        0x00005841    0x6  Code  Gb  timer.o [1]
GetSystemSettingOnSwitch
                        0x00002075   0x96  Code  Gb  sysflag.o [1]
GetUartRecvQueueSize    0x000033d7   0x5e  Code  Gb  uartqueue.o [1]
GyrFilterGetCurrent     0x00006307    0x4  Code  Gb  gyrfilter.o [1]
GyrFilterInput          0x000062c5   0x42  Code  Gb  gyrfilter.o [1]
HCSR04_InputPluseMeasureIsr
                        0x000056e5   0x74  Code  Gb  HCSR04.o [1]
HCSR04_PluseTriggerIsr  0x00005619   0xcc  Code  Gb  HCSR04.o [1]
HCSR04_echo_pin_init_struct
                        0x1fff05d0   0x14  Data  Gb  HCSR04.o [1]
HCSR04_pluse_signal_timer_init_struct
                        0x1fff05bc   0x14  Data  Gb  HCSR04.o [1]
HEAP$$Base              0x1fff1d08          --   Gb  - Linker created -
HEAP$$Limit             0x1fff2108          --   Gb  - Linker created -
HardFault_Handler       0x0000bd35    0x2  Code  Gb  system_MK60DZ10.o [1]
HeightPIDInterate       0x00007eff   0xd8  Code  Gb  pid.o [1]
I2C0_IRQHandler         0x0000a257   0x5a  Code  Gb  HW_I2C.o [1]
I2C1_IRQHandler         0x0000a2b1   0x5a  Code  Gb  HW_I2C.o [1]
I2C_ISR                 0x1fff07f8    0x8  Data  Gb  HW_I2C.o [1]
I2C_ReadRegMulti        0x0000a3b1   0xd0  Code  Gb  I2C_ope.o [1]
I2C_ReadRegSingle       0x0000a481   0x8e  Code  Gb  I2C_ope.o [1]
I2C_WriteRegSingle      0x0000a355   0x5c  Code  Gb  I2C_ope.o [1]
I2S_IRQHandler          0x00000421         Code  Wk  startup_K60.o [1]
InitADNS3080_SPI        0x00005249   0x5c  Code  Gb  ADNS3080.o [1]
InitAK8975C             0x000054a5   0x14  Code  Gb  MPU9150.o [1]
InitAccFilter           0x000061c5   0x40  Code  Gb  accfilter.o [1]
InitAltitude            0x00001c0d   0x12  Code  Gb  MS5611data.o [1]
InitBatteryVoltageMeasurement
                        0x00001a55   0x68  Code  Gb  battery.o [1]
InitBuzzer              0x000021a1   0x3e  Code  Gb  buzzer.o [1]
InitBuzzerTimer         0x000021df   0x4e  Code  Gb  buzzer.o [1]
InitCommunicateUart     0x00004e89   0x3a  Code  Gb  uart.o [1]
InitControl             0x00003591  0x1b8  Code  Gb  ctrl.o [1]
InitDebugUart           0x00004e31   0x58  Code  Gb  uart.o [1]
InitEulerAttitude       0x00001519   0x14  Code  Gb  attitude.o [1]
InitFlashRom            0x00006085    0x8  Code  Gb  flash_rom.o [1]
InitGPSUart             0x00004ec3   0x58  Code  Gb  uart.o [1]
InitGyrFilter           0x000062ad   0x18  Code  Gb  gyrfilter.o [1]
InitHCSR04              0x0000554d   0xca  Code  Gb  HCSR04.o [1]
InitHW                  0x000010dd   0x44  Code  Gb  LPLD_Quad_V2.o [1]
InitHeightPID           0x00007ee1   0x1e  Code  Gb  pid.o [1]
InitLight               0x000024e1  0x1a8  Code  Gb  lights.o [1]
InitMPU6050             0x00005449   0x2c  Code  Gb  MPU9150.o [1]
InitMPU9150             0x00005329   0x7c  Code  Gb  MPU9150.o [1]
InitMS5611              0x00005ce1   0xb6  Code  Gb  MS5611.o [1]
InitMagFilter           0x00006315   0x18  Code  Gb  magfilter.o [1]
InitPID                 0x00007d01   0x40  Code  Gb  pid.o [1]
InitPWMData             0x00001e39   0x22  Code  Gb  PWM.o [1]
InitPWMOutPut           0x00001e23   0x16  Code  Gb  PWM.o [1]
InitPositionPID         0x00007fd7   0x3a  Code  Gb  pid.o [1]
InitQuadParam           0x000028e5   0x4a  Code  Gb  param.o [1]
InitSixRotorPWM         0x00001d1d   0x98  Code  Gb  PWM.o [1]
InitSwitches            0x00002305  0x130  Code  Gb  switches.o [1]
InitTimer               0x00005795   0x4c  Code  Gb  timer.o [1]
InitUartQueue           0x000030c5   0x96  Code  Gb  uartqueue.o [1]
InitUartRecvQueue       0x00003341   0x96  Code  Gb  uartqueue.o [1]
InitWFLY_RC             0x00005865  0x1ea  Code  Gb  WFLY_RC.o [1]
IsMyQueueEmpty          0x000081f9   0x16  Code  Gb  myqueue.o [1]
IsMyQueueFull           0x0000820f   0x1a  Code  Gb  myqueue.o [1]
IsUartQueueEmpty        0x0000315b   0x74  Code  Gb  uartqueue.o [1]
LLWU_IRQHandler         0x00000421         Code  Wk  startup_K60.o [1]
LPLD_ADC_Cal            0x00006d83   0xa6  Code  Lc  HW_ADC.o [1]
LPLD_ADC_Chn_Enable     0x00006ba5  0x1de  Code  Gb  HW_ADC.o [1]
LPLD_ADC_EnableIrq      0x00006b71   0x34  Code  Gb  HW_ADC.o [1]
LPLD_ADC_Init           0x00006a5f  0x112  Code  Gb  HW_ADC.o [1]
LPLD_CAN_Interrupt_ClearPending
                        0x0000b6dd   0x26  Code  Lc  HW_CAN.o [1]
LPLD_CAN_Interrupt_GetFlag
                        0x0000b703   0x2a  Code  Lc  HW_CAN.o [1]
LPLD_CAN_MB_ISR         0x0000b7e5   0x5c  Code  Lc  HW_CAN.o [1]
LPLD_CAN_Receive_Interrupt
                        0x0000b787   0x5e  Code  Lc  HW_CAN.o [1]
LPLD_CAN_Transmit_Interrupt
                        0x0000b72d   0x5a  Code  Gb  HW_CAN.o [1]
LPLD_FTM_DEC_Init       0x000076f1    0x8  Code  Lc  HW_FTM.o [1]
LPLD_FTM_IC_Init        0x0000713f   0x8c  Code  Lc  HW_FTM.o [1]
LPLD_FTM_Init           0x00006e65  0x114  Code  Gb  HW_FTM.o [1]
LPLD_FTM_PWM_ChangeDuty
                        0x00006fdb   0x3a  Code  Gb  HW_FTM.o [1]
LPLD_FTM_PWM_Enable     0x00006f79   0x62  Code  Gb  HW_FTM.o [1]
LPLD_FTM_PWM_Init       0x00007015  0x12a  Code  Lc  HW_FTM.o [1]
LPLD_FTM_PinInit        0x000071cb  0x4d0  Code  Lc  HW_FTM.o [1]
LPLD_FTM_QD_Init        0x000076b5   0x3c  Code  Lc  HW_FTM.o [1]
LPLD_Flash_ByteProgram  0x0000a733   0xd4  Code  Gb  HW_FLASH.o [1]
LPLD_Flash_Init         0x0000a645   0x5a  Code  Gb  HW_FLASH.o [1]
LPLD_Flash_SectorErase  0x0000a69f   0x94  Code  Gb  HW_FLASH.o [1]
LPLD_GPIO_DisableIrq    0x00007a35   0x4c  Code  Gb  HW_GPIO.o [1]
LPLD_GPIO_EnableIrq     0x000079e9   0x4c  Code  Gb  HW_GPIO.o [1]
LPLD_GPIO_Init          0x00007925   0xc4  Code  Gb  HW_GPIO.o [1]
LPLD_GPIO_Input_b       0x00007a81    0xa  Code  Gb  HW_GPIO.o [1]
LPLD_I2C_Init           0x0000a075  0x15e  Code  Gb  HW_I2C.o [1]
LPLD_I2C_ReStart        0x0000a1e5    0xa  Code  Gb  HW_I2C.o [1]
LPLD_I2C_ReadByte       0x0000a233    0xa  Code  Gb  HW_I2C.o [1]
LPLD_I2C_SetMasterWR    0x0000a23d   0x1a  Code  Gb  HW_I2C.o [1]
LPLD_I2C_Start          0x0000a1d3   0x12  Code  Gb  HW_I2C.o [1]
LPLD_I2C_Stop           0x0000a1ef   0x12  Code  Gb  HW_I2C.o [1]
LPLD_I2C_WaitAck        0x0000a201   0x2e  Code  Gb  HW_I2C.o [1]
LPLD_I2C_WriteByte      0x0000a22f    0x4  Code  Gb  HW_I2C.o [1]
LPLD_PIT_EnableIrq      0x00007be1   0x18  Code  Gb  HW_PIT.o [1]
LPLD_PIT_Init           0x00007b49   0x98  Code  Gb  HW_PIT.o [1]
LPLD_PLL_Setup          0x0000b8dd  0x1f0  Code  Gb  HW_MCG.o [1]
LPLD_SPI_Init           0x000096f1  0x680  Code  Gb  HW_SPI.o [1]
LPLD_SPI_Master_WriteRead
                        0x00009d71   0x3e  Code  Gb  HW_SPI.o [1]
LPLD_Set_SYS_DIV        0x1fff04a1   0x50  Code  Gb  HW_MCG.o [1]
LPLD_UART_EnableIrq     0x0000868b   0x68  Code  Gb  HW_UART.o [1]
LPLD_UART_GetChar       0x00008673    0xe  Code  Gb  HW_UART.o [1]
LPLD_UART_Init          0x000082b3  0x3c0  Code  Gb  HW_UART.o [1]
LPLD_UART_PutChar       0x00008681    0xa  Code  Gb  HW_UART.o [1]
LPTMR_ISR               0x1fff0800    0x4  Data  Gb  HW_LPTMR.o [1]
LPT_IRQHandler          0x0000c1fd   0x16  Code  Gb  HW_LPTMR.o [1]
LoadDefaultQuadParam    0x00002967  0x130  Code  Gb  param.o [1]
LoadLastSystemSetting   0x0000210b   0x22  Code  Gb  sysflag.o [1]
LoadQuadParamInFlash    0x0000292f   0x10  Code  Gb  param.o [1]
MCG_IRQHandler          0x00000421         Code  Wk  startup_K60.o [1]
MCM_IRQHandler          0x00000421         Code  Wk  startup_K60.o [1]
MIX_MAG_Y               0x0000c2f8    0x4  Data  Lc  sensorfusion.o [1]
MIX_MAG_Z               0x0000c2fc    0x4  Data  Lc  sensorfusion.o [1]
MPU6050_GetCalibratedAcc
                        0x00001339   0x68  Code  Gb  MPU6050data.o [1]
MPU6050_GetCalibratedGyr
                        0x000013a1   0x38  Code  Gb  MPU6050data.o [1]
MPU6050_GetData         0x000053a5   0x2e  Code  Gb  MPU9150.o [1]
MPU6050_GetRawData      0x000053d3   0x3a  Code  Gb  MPU9150.o [1]
MPU6050_InitRawData     0x000012d5   0x28  Code  Gb  MPU6050data.o [1]
MPU6050_MultiReadReg    0x00005429   0x20  Code  Gb  MPU9150.o [1]
MPU6050_RefreshRawData  0x000012fd   0x3c  Code  Gb  MPU6050data.o [1]
MPU6050_SingleWriteReg  0x0000540d   0x1c  Code  Gb  MPU9150.o [1]
MS5611_Calculate        0x00005f03   0xf6  Code  Gb  MS5611.o [1]
MS5611_ConvADC          0x00005ebd    0xe  Code  Gb  MS5611.o [1]
MS5611_MultiRead        0x00005e2d   0x90  Code  Gb  MS5611.o [1]
MS5611_Read             0x00005ff9   0x6a  Code  Gb  MS5611.o [1]
MS5611_ReadADC          0x00005ecb   0x38  Code  Gb  MS5611.o [1]
MS5611_ReadROM          0x00005dd1   0x26  Code  Gb  MS5611.o [1]
MS5611_ReadROM_1        0x00005df7   0x36  Code  Gb  MS5611.o [1]
MS5611_RefreshData      0x00001b0d   0x44  Code  Gb  MS5611data.o [1]
MS5611_WriteCommand     0x00005d97   0x3a  Code  Gb  MS5611.o [1]
MS5611_data_struct      0x1fff04f0   0x50  Data  Gb  MS5611.o [1]
MagFilterGetCurrent     0x00006347    0x4  Code  Gb  magfilter.o [1]
MagFilterInput          0x0000632d   0x1a  Code  Gb  magfilter.o [1]
MemManage_Handler       0x00000421         Code  Wk  startup_K60.o [1]
MemoryBytesCompare      0x0000618b   0x3a  Code  Gb  flash_rom.o [1]
NMI_Handler             0x00000421         Code  Wk  startup_K60.o [1]
NVIC_DisableIRQ         0x0000790d   0x18  Code  Lc  HW_GPIO.o [1]
NVIC_EnableIRQ          0x00006a45   0x1a  Code  Lc  HW_ADC.o [1]
NVIC_EnableIRQ          0x000078f5   0x18  Code  Lc  HW_GPIO.o [1]
NVIC_EnableIRQ          0x00007b31   0x18  Code  Lc  HW_PIT.o [1]
NVIC_EnableIRQ          0x00008299   0x1a  Code  Lc  HW_UART.o [1]
OS_CPU_PendSVHandler    0x00000421         Code  Wk  startup_K60.o [1]
OS_CPU_SysTickHandler   0x0000c27d    0xa  Code  Gb  HW_SYSTICK.o [1]
PDB_IRQHandler          0x0000bffd   0x6a  Code  Gb  HW_PDB.o [1]
PDB_ISR                 0x1fff0804    0x4  Data  Gb  HW_PDB.o [1]
PDB_SE_ISR              0x1fff0808    0x4  Data  Gb  HW_PDB.o [1]
PIT0_IRQHandler         0x00007bf9   0x16  Code  Gb  HW_PIT.o [1]
PIT1_IRQHandler         0x00007c0f   0x16  Code  Gb  HW_PIT.o [1]
PIT2_IRQHandler         0x00007c25   0x16  Code  Gb  HW_PIT.o [1]
PIT3_IRQHandler         0x00007c3b   0x16  Code  Gb  HW_PIT.o [1]
PIT_ISR                 0x1fff080c   0x10  Data  Gb  HW_PIT.o [1]
PORTA_ExtIsr            0x00005a51   0x54  Code  Gb  WFLY_RC.o [1]
PORTA_IRQHandler        0x00007a8b   0x12  Code  Gb  HW_GPIO.o [1]
PORTB_ExtIsr            0x00005aa5   0x2c  Code  Gb  WFLY_RC.o [1]
PORTB_IRQHandler        0x00007a9d   0x12  Code  Gb  HW_GPIO.o [1]
PORTC_IRQHandler        0x00007aaf   0x12  Code  Gb  HW_GPIO.o [1]
PORTD_IRQHandler        0x00007ac1   0x12  Code  Gb  HW_GPIO.o [1]
PORTE_IRQHandler        0x00007ad3   0x12  Code  Gb  HW_GPIO.o [1]
PWMChangeDuty           0x00001db5   0x6e  Code  Gb  PWM.o [1]
PWMOutOneESC            0x00001ee9   0x5e  Code  Gb  PWM.o [1]
PWMOutOneESC_1000Scale  0x00001f99   0x6a  Code  Gb  PWM.o [1]
PWMOutOneRotor          0x00001e5b   0x8e  Code  Gb  PWM.o [1]
PWMOutSixESC_1000Scale  0x00002011   0x20  Code  Gb  PWM.o [1]
PWMOutSixRotor          0x00001f79   0x20  Code  Gb  PWM.o [1]
PinNum2GpioPin          0x00007791  0x162  Code  Gb  MyLib.o [1]
PopMyQueue              0x0000825d   0x34  Code  Gb  myqueue.o [1]
PopUartQueue            0x0000325d   0x74  Code  Gb  uartqueue.o [1]
PopUartRecvQueue        0x000034ad   0x5e  Code  Gb  uartqueue.o [1]
PositionPIDInterate     0x00008011  0x16a  Code  Gb  pid.o [1]
PushMyQueue             0x00008229   0x34  Code  Gb  myqueue.o [1]
PushUartQueue           0x000031cf   0x8e  Code  Gb  uartqueue.o [1]
PushUartRecvQueue       0x00003435   0x78  Code  Gb  uartqueue.o [1]
PutCharUartQueue        0x000032d1   0x12  Code  Gb  uartqueue.o [1]
PutStringUartQueue      0x000032e3   0x28  Code  Gb  uartqueue.o [1]
RNGB_IRQHandler         0x00000421         Code  Wk  startup_K60.o [1]
RTC_IRQHandler          0x0000c0ed   0x56  Code  Gb  HW_RTC.o [1]
RTC_ISR                 0x1fff081c    0xc  Data  Gb  HW_RTC.o [1]
ReadFlashStorage        0x00006145   0x26  Code  Gb  flash_rom.o [1]
ReadSwitches            0x00002435   0xa8  Code  Gb  switches.o [1]
RecvFrame               0x00009055  0x198  Code  Gb  decodedata.o [1]
RefreshAltitude         0x00001b51   0xbc  Code  Gb  MS5611data.o [1]
RefreshAttitude         0x00001531   0x76  Code  Gb  attitude.o [1]
RefreshQuadParamCrc     0x00002a97   0x28  Code  Gb  param.o [1]
Region$$Table$$Base     0x0000c1c4          --   Gb  - Linker created -
Region$$Table$$Limit    0x0000c1dc          --   Gb  - Linker created -
Reserved102_IRQHandler  0x00000421         Code  Wk  startup_K60.o [1]
Reserved108_IRQHandler  0x00000421         Code  Wk  startup_K60.o [1]
Reserved109_IRQHandler  0x00000421         Code  Wk  startup_K60.o [1]
Reserved110_IRQHandler  0x00000421         Code  Wk  startup_K60.o [1]
Reserved111_IRQHandler  0x00000421         Code  Wk  startup_K60.o [1]
Reserved112_IRQHandler  0x00000421         Code  Wk  startup_K60.o [1]
Reserved113_IRQHandler  0x00000421         Code  Wk  startup_K60.o [1]
Reserved114_IRQHandler  0x00000421         Code  Wk  startup_K60.o [1]
Reserved115_IRQHandler  0x00000421         Code  Wk  startup_K60.o [1]
Reserved116_IRQHandler  0x00000421         Code  Wk  startup_K60.o [1]
Reserved117_IRQHandler  0x00000421         Code  Wk  startup_K60.o [1]
Reserved118_IRQHandler  0x00000421         Code  Wk  startup_K60.o [1]
Reserved119_IRQHandler  0x00000421         Code  Wk  startup_K60.o [1]
Reserved83_IRQHandler   0x00000421         Code  Wk  startup_K60.o [1]
Reset_Handler           0x00000411         Code  Wk  startup_K60.o [1]
SAS_PIDInterate         0x00007d41  0x1a0  Code  Gb  pid.o [1]
SDHC_IRQHandler         0x00000421         Code  Wk  startup_K60.o [1]
SPI0_IRQHandler         0x00009daf   0xaa  Code  Gb  HW_SPI.o [1]
SPI0_ISR                0x1fff0828   0x18  Data  Gb  HW_SPI.o [1]
SPI1_IRQHandler         0x00009e59   0xaa  Code  Gb  HW_SPI.o [1]
SPI1_ISR                0x1fff0840   0x18  Data  Gb  HW_SPI.o [1]
SPI2_IRQHandler         0x00009f03   0xaa  Code  Gb  HW_SPI.o [1]
SPI2_ISR                0x1fff0858   0x18  Data  Gb  HW_SPI.o [1]
SVC_Handler             0x00000421         Code  Wk  startup_K60.o [1]
SYSTICK_ISR             0x1fff0870    0x4  Data  Gb  HW_SYSTICK.o [1]
SaveQuadParamToFlash    0x00002abf   0x22  Code  Gb  param.o [1]
SaveThisSystemSettingToFlash
                        0x00002159   0x18  Code  Gb  sysflag.o [1]
SendSeveralUartQueueData
                        0x0000330b   0x36  Code  Gb  uartqueue.o [1]
SetBuzzerMode           0x00002259    0x6  Code  Gb  buzzer.o [1]
SetBuzzerOnOff          0x00002251    0x8  Code  Gb  buzzer.o [1]
SetDecodedFlag          0x00009439    0xe  Code  Gb  decodedata.o [1]
SetDecodedFlagState     0x000093c3   0x48  Code  Gb  decodedata.o [1]
SetDefaultLastSystemSettingInRam
                        0x0000212d   0x2c  Code  Gb  sysflag.o [1]
SetLightsOnOff          0x000026ad   0x2e  Code  Gb  lights.o [1]
SetOneLightOnOff        0x000026db   0xc6  Code  Gb  lights.o [1]
SystemCoreClock         0x1fff049c    0x4  Data  Gb  system_MK60DZ10.o [1]
SystemCoreClockUpdate   0x0000bcd9   0x28  Code  Gb  system_MK60DZ10.o [1]
SystemInit              0x0000bc39   0xa0  Code  Gb  system_MK60DZ10.o [1]
TSI_IRQHandler          0x0000c07d   0x5c  Code  Gb  HW_TSI.o [1]
TSI_ISR                 0x1fff0874    0x8  Data  Gb  HW_TSI.o [1]
Test                    0x000005ef  0xa44  Code  Gb  LPLD_Quad_V2.o [1]
ThrottleOutSixESC       0x00001f47   0x32  Code  Gb  PWM.o [1]
TimerIsr                0x000057e1   0x50  Code  Gb  timer.o [1]
ToggleLights            0x000028c1   0x22  Code  Gb  lights.o [1]
ToggleOneLight          0x000027a1   0xd6  Code  Gb  lights.o [1]
TriggerADC              0x00001ad7   0x1e  Code  Gb  battery.o [1]
TriggerBatteryADC       0x00001af5    0xc  Code  Gb  battery.o [1]
TurnOffBuzzer           0x00002247    0xa  Code  Gb  buzzer.o [1]
TurnOnBuzzer            0x0000222d   0x1a  Code  Gb  buzzer.o [1]
TurnOnLights            0x00002689   0x24  Code  Gb  lights.o [1]
UART0_ERR_IRQHandler    0x00000421         Code  Wk  startup_K60.o [1]
UART0_IRQHandler        0x000086f3   0x30  Code  Gb  HW_UART.o [1]
UART1_ERR_IRQHandler    0x00000421         Code  Wk  startup_K60.o [1]
UART1_IRQHandler        0x00008723   0x30  Code  Gb  HW_UART.o [1]
UART2_ERR_IRQHandler    0x00000421         Code  Wk  startup_K60.o [1]
UART2_IRQHandler        0x00008753   0x30  Code  Gb  HW_UART.o [1]
UART3_ERR_IRQHandler    0x00000421         Code  Wk  startup_K60.o [1]
UART3_IRQHandler        0x00008783   0x30  Code  Gb  HW_UART.o [1]
UART4_ERR_IRQHandler    0x00000421         Code  Wk  startup_K60.o [1]
UART4_IRQHandler        0x000087b3   0x30  Code  Gb  HW_UART.o [1]
UART5_ERR_IRQHandler    0x00000421         Code  Wk  startup_K60.o [1]
UART5_IRQHandler        0x000087e3   0x30  Code  Gb  HW_UART.o [1]
UART_R_ISR              0x1fff087c   0x18  Data  Gb  HW_UART.o [1]
UART_T_ISR              0x1fff0894   0x18  Data  Gb  HW_UART.o [1]
USB_CD_IRQHandler       0x00000421         Code  Wk  startup_K60.o [1]
USB_ISR                 0x1fff08ac    0x4  Data  Gb  HW_USB.o [1]
USB_OTG_IRQHandler      0x0000c28d    0xa  Code  Gb  HW_USB.o [1]
UsageFault_Handler      0x00000421         Code  Wk  startup_K60.o [1]
VLD_IRQHandler          0x00000421         Code  Wk  startup_K60.o [1]
WDOG_IRQHandler         0x00000421         Code  Wk  startup_K60.o [1]
WFLY_RC_CHX_InputPWMMeasureIsr
                        0x00005aef  0x17e  Code  Gb  WFLY_RC.o [1]
WFLY_RC_CheckMaxRangeValid
                        0x00002ec7   0x22  Code  Gb  WFLY_RCdata.o [1]
WFLY_RC_CheckOffsetValid
                        0x00002e49   0x7e  Code  Gb  WFLY_RCdata.o [1]
WFLY_RC_CheckRatioValid
                        0x00003021   0x2e  Code  Gb  WFLY_RCdata.o [1]
WFLY_RC_GetCH5OnOff     0x00003007   0x1a  Code  Gb  WFLY_RCdata.o [1]
WFLY_RC_GetMaxRange     0x00002cfd   0xcc  Code  Gb  WFLY_RCdata.o [1]
WFLY_RC_GetMaxRangeOpe  0x00002e09   0x40  Code  Gb  WFLY_RCdata.o [1]
WFLY_RC_GetOffset       0x00002c8d   0x70  Code  Gb  WFLY_RCdata.o [1]
WFLY_RC_GetOffsetOpe    0x00002dc9   0x40  Code  Gb  WFLY_RCdata.o [1]
WFLY_RC_GetPitchRatio   0x00002f7b   0x46  Code  Gb  WFLY_RCdata.o [1]
WFLY_RC_GetRollRatio    0x00002fc1   0x46  Code  Gb  WFLY_RCdata.o [1]
WFLY_RC_GetThrottleRatio
                        0x00002ee9   0x4c  Code  Gb  WFLY_RCdata.o [1]
WFLY_RC_GetYawRatio     0x00002f35   0x46  Code  Gb  WFLY_RCdata.o [1]
WFLY_RC_PWM_width_measure_timer_init_struct
                        0x1fff0960   0x14  Data  Lc  WFLY_RC.o [1]
WFLY_RC_ResetTimer      0x00005c6d   0x2e  Code  Gb  WFLY_RC.o [1]
WFLY_RC_TimerOutIsr     0x00005ad1   0x1e  Code  Gb  WFLY_RC.o [1]
WriteFlashStorage       0x000060af   0x96  Code  Gb  flash_rom.o [1]
__BOOT_STACK_ADDRESS {Abs}
                        0x2000fff8          --   Gb  command line/config [2]
__VECTOR_RAM {Abs}      0x1fff0000          --   Gb  command line/config [2]
__VECTOR_TABLE {Abs}    0x00000000          --   Gb  command line/config [2]
__Vectors               0x00000000          --   Gb  startup_K60.o [1]
__Vectors_End           0x00000400         Data  Gb  startup_K60.o [1]
__Vectors_Size {Abs}    0x00000400          --   Gb  startup_K60.o [1]
__aeabi_cdcmpeq         0x0000b515         Code  Gb  DblCmpEq.o [4]
__aeabi_cdcmple         0x000096c1         Code  Gb  DblCmpLe.o [4]
__aeabi_cdrcmple        0x0000b281         Code  Gb  DblCmpGe.o [4]
__aeabi_cfcmpeq         0x0000a869         Code  Gb  FltCmpEq.o [4]
__aeabi_cfcmple         0x000040f1         Code  Gb  FltCmpLe.o [4]
__aeabi_cfrcmple        0x00004115         Code  Gb  FltCmpGe.o [4]
__aeabi_d2f             0x00008ad5         Code  Gb  DblToFlt.o [4]
__aeabi_d2iz            0x0000b2b1         Code  Gb  DblToI32.o [4]
__aeabi_dadd            0x00008d41         Code  Gb  DblAdd.o [4]
__aeabi_ddiv            0x0000ad41         Code  Gb  DblDiv.o [4]
__aeabi_dmul            0x00008931         Code  Gb  DblMul.o [4]
__aeabi_dsub            0x00008bc1         Code  Gb  DblSub.o [4]
__aeabi_errno_addr      0x0000b271    0x6  Code  Gb  errno.o [3]
__aeabi_f2d             0x000088e1         Code  Gb  FltToDbl.o [4]
__aeabi_f2iz            0x00002031         Code  Gb  FltToS32.o [4]
__aeabi_fadd            0x00004139         Code  Gb  FltAdd.o [4]
__aeabi_fdiv            0x00003ff5         Code  Gb  FltDiv.o [4]
__aeabi_fmul            0x00001c45         Code  Gb  FltMul.o [4]
__aeabi_fsub            0x000041bd         Code  Gb  FltSub.o [4]
__aeabi_i2d             0x0000b2fd         Code  Gb  I32ToDbl.o [4]
__aeabi_i2f             0x00003fc1         Code  Gb  I32ToFlt.o [4]
__aeabi_ldiv0           0x0000b27d         Code  Gb  I64DivZer.o [5]
__aeabi_ldivmod         0x0000a511         Code  Gb  I64DivMod.o [5]
__aeabi_memclr4         0x00006a3d         Code  Gb  ABImemclr4.o [5]
__aeabi_memcpy          0x00002c15         Code  Gb  ABImemcpy.o [5]
__aeabi_memcpy4         0x00002c35         Code  Gb  ABImemcpy.o [5]
__aeabi_memcpy8         0x00002c35         Code  Gb  ABImemcpy.o [5]
__aeabi_ui2f            0x00003fd5         Code  Gb  I32ToFlt.o [4]
__aeabi_uldivmod        0x0000a555         Code  Gb  I64DivMod.o [5]
__cmain                 0x0000c21d         Code  Gb  cmain.o [5]
__exit                  0x0000c249   0x14  Code  Gb  exit.o [6]
__iar_Atan              0x0000afa1  0x148  Code  Gb  xatan.o [4]
__iar_Dint              0x0000b497   0x7e  Code  Gb  xdint.o [4]
__iar_Errno             0x1fff2108    0x4  Data  Gb  errno.o [3]
__iar_Memset4_word      0x0000a835         Code  Gb  ABImemset48.o [5]
__iar_Memset8_word      0x0000a835         Code  Gb  ABImemset48.o [5]
__iar_Quad              0x0000b329  0x160  Code  Gb  xquad.o [4]
__iar_Sin               0x0000a915  0x424  Code  Gb  xsin.o [4]
__iar_d2uiz             0x0000b2dd         Code  Gb  DblToI32.o [4]
__iar_dadd              0x00008d55         Code  Gb  DblAdd.o [4]
__iar_data_init3        0x0000c19d   0x28  Code  Gb  data_init3.o [5]
__iar_dlib_perthread_access
                        0x0000b495    0x2  Code  Gb  xtls.o [3]
__iar_dsub              0x00008bd5         Code  Gb  DblSub.o [4]
__iar_dsubStart         0x00008be7         Code  Gb  DblSub.o [4]
__iar_edom              0x0000b489         Code  Gb  iarEdom.o [5]
__iar_fadd              0x00004149         Code  Gb  FltAdd.o [4]
__iar_fmod              0x0000b535         Code  Gb  fmod.o [4]
__iar_fmodl             0x0000b535         Code  Gb  fmod.o [4]
__iar_fsub              0x000041cd         Code  Gb  FltSub.o [4]
__iar_fsubStart         0x000041dd         Code  Gb  FltSub.o [4]
__iar_program_start     0x0000c2b5         Code  Gb  cstartup_M.o [5]
__iar_sqrt              0x0000b181         Code  Gb  sqrt.o [4]
__iar_ui2d              0x0000b311         Code  Gb  I32ToDbl.o [4]
__iar_ui2f              0x00003fd9         Code  Gb  I32ToFlt.o [4]
__iar_zero_init3        0x000012b3   0x22  Code  Gb  zero_init3.o [5]
__low_level_init        0x0000c233    0x4  Code  Gb  low_level_init.o [3]
__vector_table          0x00000000         Data  Gb  startup_K60.o [1]
__vector_table_0x1c     0x0000001c         Data  Gb  startup_K60.o [1]
_call_main              0x0000c229         Code  Gb  cmain.o [5]
_exit                   0x0000c23d         Code  Gb  cexit.o [5]
_main                   0x0000c22f         Code  Gb  cmain.o [5]
a                       0x0000b140   0x40  Data  Lc  xatan.o [4]
asin                    0x00008f5d   0xf0  Code  Gb  asin.o [4]
atan2                   0x00008e4d  0x110  Code  Gb  atan2.o [4]
base                    0x1fff09f8   0x10  Data  Lc  alloc.o [1]
common_relocate         0x0000bd39   0xc0  Code  Gb  relocate.o [1]
cos                     0x00008bb5    0x6  Code  Gb  cos.o [4]
delayms                 0x00003069   0x2a  Code  Gb  delay.o [1]
delayus                 0x00003095   0x28  Code  Gb  delay.o [1]
exit                    0x0000c237    0x4  Code  Gb  exit.o [3]
flexcan_msgobj_param_t  0x1fff05f0  0x100  Data  Gb  HW_CAN.o [1]
fmod                    0x0000b535         Code  Gb  fmod.o [4]
fmodl                   0x0000b535         Code  Gb  fmod.o [4]
freep                   0x1fff0a08    0x4  Data  Lc  alloc.o [1]
g_WFLY_RC_pluse_width_us
                        0x1fff0948   0x18  Data  Gb  WFLY_RC.o [1]
g_WFLY_RC_timer_out_flag
                        0x1fff0ef8    0x1  Data  Gb  WFLY_RC.o [1]
g_battery_voltage       0x1fff0ef2    0x2  Data  Gb  battery.o [1]
g_bus_clock             0x1fff0420    0x4  Data  Gb  HW_MCG.o [1]
g_buzzer_mode           0x1fff0efa    0x1  Data  Gb  buzzer.o [1]
g_core_clock            0x1fff041c    0x4  Data  Gb  HW_MCG.o [1]
g_f32ADNS3080PixelPosition
                        0x1fff05a8    0x8  Data  Gb  ADNS3080data.o [1]
g_f32AccGain            0x1fff042c    0xc  Data  Gb  MPU6050data.o [1]
g_f32DebugPitch         0x1fff0e10    0x4  Data  Gb  uart.o [1]
g_f32DebugRoll          0x1fff0e0c    0x4  Data  Gb  uart.o [1]
g_f32DebugThrottle      0x1fff0e14    0x4  Data  Gb  uart.o [1]
g_f32DebugYaw           0x1fff0e08    0x4  Data  Gb  uart.o [1]
g_f32FiltedAltitude     0x1fff08c8    0x4  Data  Gb  MS5611data.o [1]
g_f32GyrGain            0x1fff0438    0xc  Data  Gb  MPU6050data.o [1]
g_f32HaltInclinationAngle
                        0x1fff0484    0x4  Data  Gb  exception.o [1]
g_f32HaltVoltage        0x1fff0480    0x4  Data  Gb  exception.o [1]
g_f32MagGain            0x1fff0410    0xc  Data  Gb  AK8975Cdata.o [1]
g_f32RawAltitude        0x1fff08c4    0x4  Data  Gb  MS5611data.o [1]
g_f32ReferenceAltitude  0x1fff08cc    0x4  Data  Gb  MS5611data.o [1]
g_f32XPosition          0x1fff0e30    0x4  Data  Gb  uart.o [1]
g_f32YPosition          0x1fff0e34    0x4  Data  Gb  uart.o [1]
g_flash_clock           0x1fff0424    0x4  Data  Gb  HW_MCG.o [1]
g_flexbus_clock         0x1fff0428    0x4  Data  Gb  HW_MCG.o [1]
g_i16AccOffset          0x1fff0488    0x8  Data  Gb  getoffset.o [1]
g_i16GyrOffset          0x1fff0490    0x8  Data  Gb  getoffset.o [1]
g_i16MagOffset          0x1fff0c60    0x8  Data  Gb  getoffset.o [1]
g_i32ADNS3080PixelSum   0x1fff05a0    0x8  Data  Gb  ADNS3080data.o [1]
g_sAK8975CRawData       0x1fff05b0    0x8  Data  Gb  AK8975Cdata.o [1]
g_sHeightPidPara        0x1fff0464   0x14  Data  Gb  ctrl.o [1]
g_sMPU6050RawData       0x1fff08b4   0x10  Data  Gb  MPU6050data.o [1]
g_sMS5611DataCopy       0x1fff0540   0x50  Data  Gb  MS5611data.o [1]
g_sPositionPidPara      0x1fff0ad4   0x28  Data  Gb  ctrl.o [1]
g_sPx4flowData          0x1fff0e18   0x14  Data  Gb  uart.o [1]
g_sQuadSystemFlag       0x1fff0dc8   0x10  Data  Gb  sysflag.o [1]
g_sXYZPidPara           0x1fff0a98   0x3c  Data  Gb  ctrl.o [1]
g_sonar_measure_distance_mm
                        0x1fff0ef0    0x2  Data  Gb  HCSR04.o [1]
g_sonar_measure_error_flag
                        0x1fff0ef4    0x1  Data  Gb  HCSR04.o [1]
g_timer_cnt             0x1fff0de0    0x4  Data  Gb  timer.o [1]
g_u32DebugPWM           0x1fff0df8   0x10  Data  Gb  uart.o [1]
g_u32DelayTimerMsCnt    0x1fff0de8    0x4  Data  Gb  timer.o [1]
g_u32LostSignalTimerCnt
                        0x1fff0df0    0x4  Data  Gb  timer.o [1]
g_u32ProgramPeriodTimerCnt
                        0x1fff0dec    0x4  Data  Gb  timer.o [1]
g_u32TimerMsCnt         0x1fff0de4    0x4  Data  Gb  timer.o [1]
g_u32WFLY_RC_max_range  0x1fff0454   0x10  Data  Gb  WFLY_RCdata.o [1]
g_u32WFLY_RC_offset     0x1fff0444   0x10  Data  Gb  WFLY_RCdata.o [1]
g_u8FlowNewData         0x1fff0f00    0x1  Data  Gb  uart.o [1]
g_ulFlowTime            0x1fff0e2c    0x4  Data  Gb  uart.o [1]
gc_f32BaseHeight        0x0000c2f0    0x4  Data  Gb  ctrl.o [1]
gc_f32HoverThrottle     0x0000c2ec    0x4  Data  Gb  ctrl.o [1]
gc_f32LandingThrottle   0x0000c2f4    0x4  Data  Gb  exception.o [1]
gc_f32LowerLimitThrottle
                        0x0000c2e4    0x4  Data  Gb  ctrl.o [1]
gc_f32MaxRCHeight       0x0000c2dc    0x4  Data  Gb  WFLY_RCdata.o [1]
gc_f32MaxRCPitchAngle   0x0000c2d0    0x4  Data  Gb  WFLY_RCdata.o [1]
gc_f32MaxRCRollAngle    0x0000c2d4    0x4  Data  Gb  WFLY_RCdata.o [1]
gc_f32MaxRCThrottle     0x0000c2d8    0x4  Data  Gb  WFLY_RCdata.o [1]
gc_f32MaxRCYawAngle     0x0000c2cc    0x4  Data  Gb  WFLY_RCdata.o [1]
gc_f32PixelHeightToDistanceRate
                        0x0000c2c8    0x4  Data  Gb  ADNS3080data.o [1]
gc_f32RCThrottleDeadZone
                        0x0000c2e0    0x4  Data  Gb  WFLY_RCdata.o [1]
gc_f32UpperLimitThrottle
                        0x0000c2e8    0x4  Data  Gb  ctrl.o [1]
main                    0x00000425  0x1ca  Code  Gb  LPLD_Quad_V2.o [1]
malloc                  0x0000a885   0x7e  Code  Gb  alloc.o [1]
math_rsqrt              0x00004811   0x66  Code  Gb  quaternion.o [1]
miniAHRS_GetUartQueueSize
                        0x000015e5   0x22  Code  Gb  uploaddata.o [1]
miniAHRS_InitUartQueue  0x000015b9   0x2c  Code  Gb  uploaddata.o [1]
miniAHRS_IsUartQueueEmpty
                        0x00001607   0x12  Code  Gb  uploaddata.o [1]
miniAHRS_PopUartQueue   0x00001663   0x4a  Code  Gb  uploaddata.o [1]
miniAHRS_PushUartQueue  0x00001619   0x4a  Code  Gb  uploaddata.o [1]
miniAHRS_ReportIMU_Queue
                        0x000016bb  0x174  Code  Gb  uploaddata.o [1]
miniAHRS_ReportMotion_Queue
                        0x0000182f  0x21c  Code  Gb  uploaddata.o [1]
miniAHRS_SendOneByte    0x000016ad    0xe  Code  Gb  uploaddata.o [1]
miniAHRS_uart_queue_struct
                        0x1fff0e6c   0x84  Data  Lc  uploaddata.o [1]
printk                  0x000043cd  0x410  Code  Gb  printf.o [1]
printk_mknumstr         0x000042d7   0xaa  Code  Lc  printf.o [1]
printk_pad_space        0x000043a7   0x26  Code  Lc  printf.o [1]
printk_pad_zero         0x00004381   0x26  Code  Lc  printf.o [1]
printk_putc             0x000042a5   0x32  Code  Lc  printf.o [1]
quaternion_converQuaternionToYawPitchRoll
                        0x00004a1f  0x174  Code  Gb  quaternion.o [1]
quaternion_converYawPitchRollToQuaternion
                        0x00004b93  0x292  Code  Gb  quaternion.o [1]
quaternion_getConjugateQuaternion
                        0x000049f1   0x2e  Code  Gb  quaternion.o [1]
quaternion_loadIdentity
                        0x00004877   0x10  Code  Gb  quaternion.o [1]
quaternion_mult         0x000048f3   0xfe  Code  Gb  quaternion.o [1]
quaternion_normalize    0x00004887   0x6c  Code  Gb  quaternion.o [1]
s_f32FlowFilterCurrent  0x1fff0c50   0x10  Data  Lc  flowfilter.o [1]
s_f32FlowFilterHistroy  0x1fff0b10  0x140  Data  Lc  flowfilter.o [1]
s_fAccFilterCurrent     0x1fff09ec    0xc  Data  Lc  accfilter.o [1]
s_fAccFilterHistory     0x1fff098c   0x60  Data  Lc  accfilter.o [1]
s_fGyrFilterCurrent     0x1fff0c68    0xc  Data  Lc  gyrfilter.o [1]
s_fMagFilterCurrent     0x1fff0c74    0xc  Data  Lc  magfilter.o [1]
s_get_input_flag        0x1fff0ef5    0x1  Data  Lc  HCSR04.o [1]
s_sADNS3080_raw_data    0x1fff0598    0x8  Data  Lc  ADNS3080data.o [1]
s_sAttitude             0x1fff0a0c   0x10  Data  Lc  attitude.o [1]
s_sControlData          0x1fff0a68   0x30  Data  Lc  ctrl.o [1]
s_sControlParameter     0x1fff0a2c   0x3c  Data  Lc  ctrl.o [1]
s_sEulerAttitude        0x1fff0a1c    0xc  Data  Lc  attitude.o [1]
s_sHeightPidData        0x1fff0d88    0x8  Data  Lc  pid.o [1]
s_sHeightPidParameter   0x1fff0d74   0x14  Data  Lc  pid.o [1]
s_sLastQuadSystemSettingInRam
                        0x1fff0dd8    0x8  Data  Lc  sysflag.o [1]
s_sPWMDataStruct        0x1fff0918   0x30  Data  Lc  PWM.o [1]
s_sPositionPidData      0x1fff0db8   0x10  Data  Lc  pid.o [1]
s_sPositionPidParameter
                        0x1fff0d90   0x28  Data  Lc  pid.o [1]
s_sQuadParamInRam       0x1fff0c80   0xa0  Data  Lc  param.o [1]
s_sUARTQueue            0x1fff0e3c   0x18  Data  Gb  uartqueue.o [1]
s_sUARTRecvQueue        0x1fff0e54   0x18  Data  Gb  uartqueue.o [1]
s_sXYZPidData           0x1fff0d5c   0x18  Data  Lc  pid.o [1]
s_sXYZPidParameter      0x1fff0d20   0x3c  Data  Lc  pid.o [1]
s_u32SystemClockTimerMsCnt
                        0x1fff0df4    0x4  Data  Lc  timer.o [1]
s_u64SystemClockTimerUsCnt
                        0x1fff0590    0x8  Data  Lc  timer.o [1]
s_u8AccFilterIndex      0x1fff0ef9    0x1  Data  Lc  accfilter.o [1]
s_u8DecodedFlag         0x1fff0478    0x8  Data  Lc  decodedata.o [1]
sin                     0x00008bbb    0x6  Code  Gb  sin.o [4]
sprintf                 0x000047dd   0x32  Code  Gb  printf.o [1]
sqrt                    0x0000b181         Code  Gb  sqrt.o [4]
sqrtl                   0x0000b181         Code  Gb  sqrt.o [4]
strlen                  0x00008e29   0x22  Code  Gb  stdlib.o [1]


[1] = E:\ShawnDocuments\IAR_WorkSpace\LPLD_Quad_V3\iar\FLASH_MINE\Obj
[2] = command line
[3] = dl7M_tln.a
[4] = m7M_tl.a
[5] = rt7M_tl.a
[6] = shb_l.a

  49 482 bytes of readonly  code memory
      80 bytes of readwrite code memory
     422 bytes of readonly  data memory
   7 333 bytes of readwrite data memory

Errors: none
Warnings: none
