###############################################################################
#                                                                             #
# IAR ANSI C/C++ Compiler V6.40.1.53790/W32 for ARM     07/Aug/2014  15:34:24 #
# Copyright 1999-2012 IAR Systems AB.                                         #
#                                                                             #
#    Cpu mode     =  thumb                                                    #
#    Endian       =  little                                                   #
#    Source file  =  E:\ShawnDocuments\IAR_WorkSpace\LPLD_Quad_V3\source\app\ #
#                    SignalProcess\magfilter.c                                #
#    Command line =  E:\ShawnDocuments\IAR_WorkSpace\LPLD_Quad_V3\source\app\ #
#                    SignalProcess\magfilter.c -D LPLD_K60 -lCN               #
#                    E:\ShawnDocuments\IAR_WorkSpace\LPLD_Quad_V3\iar\FLASH_M #
#                    INE\List\ -lB E:\ShawnDocuments\IAR_WorkSpace\LPLD_Quad_ #
#                    V3\iar\FLASH_MINE\List\ -o E:\ShawnDocuments\IAR_WorkSpa #
#                    ce\LPLD_Quad_V3\iar\FLASH_MINE\Obj\ --no_cse             #
#                    --no_unroll --no_inline --no_code_motion --no_tbaa       #
#                    --no_clustering --no_scheduling --debug --endian=little  #
#                    --cpu=Cortex-M4 -e --fpu=None --dlib_config "D:\Program  #
#                    Files\IAR Systems\Embedded Workbench                     #
#                    6.4\arm\INC\c\DLib_Config_Normal.h" -I                   #
#                    E:\ShawnDocuments\IAR_WorkSpace\LPLD_Quad_V3\iar\..\sour #
#                    ce\app\ -I E:\ShawnDocuments\IAR_WorkSpace\LPLD_Quad_V3\ #
#                    iar\..\source\app\Control\ -I                            #
#                    E:\ShawnDocuments\IAR_WorkSpace\LPLD_Quad_V3\iar\..\sour #
#                    ce\app\Others\ -I E:\ShawnDocuments\IAR_WorkSpace\LPLD_Q #
#                    uad_V3\iar\..\source\app\Communicate\ -I                 #
#                    E:\ShawnDocuments\IAR_WorkSpace\LPLD_Quad_V3\iar\..\sour #
#                    ce\app\Algorithm\ -I E:\ShawnDocuments\IAR_WorkSpace\LPL #
#                    D_Quad_V3\iar\..\source\app\SignalProcess\ -I            #
#                    E:\ShawnDocuments\IAR_WorkSpace\LPLD_Quad_V3\iar\..\sour #
#                    ce\module\ -I E:\ShawnDocuments\IAR_WorkSpace\LPLD_Quad_ #
#                    V3\iar\..\source\module\anbt_dmp\ -I                     #
#                    E:\ShawnDocuments\IAR_WorkSpace\LPLD_Quad_V3\iar\..\sour #
#                    ce\module\eMPL\ -I E:\ShawnDocuments\IAR_WorkSpace\LPLD_ #
#                    Quad_V3\iar\..\source\lib\CPU\ -I                        #
#                    E:\ShawnDocuments\IAR_WorkSpace\LPLD_Quad_V3\iar\..\sour #
#                    ce\lib\common\ -I E:\ShawnDocuments\IAR_WorkSpace\LPLD_Q #
#                    uad_V3\iar\..\source\lib\LPLD\ -I                        #
#                    E:\ShawnDocuments\IAR_WorkSpace\LPLD_Quad_V3\iar\..\sour #
#                    ce\lib\LPLD\HW\ -I E:\ShawnDocuments\IAR_WorkSpace\LPLD_ #
#                    Quad_V3\iar\..\source\lib\LPLD\DEV\ -I                   #
#                    E:\ShawnDocuments\IAR_WorkSpace\LPLD_Quad_V3\iar\..\sour #
#                    ce\lib\uCOS-II\Ports\ -I E:\ShawnDocuments\IAR_WorkSpace #
#                    \LPLD_Quad_V3\iar\..\source\lib\uCOS-II\Source\ -I       #
#                    E:\ShawnDocuments\IAR_WorkSpace\LPLD_Quad_V3\iar\..\sour #
#                    ce\lib\FatFs\ -I E:\ShawnDocuments\IAR_WorkSpace\LPLD_Qu #
#                    ad_V3\iar\..\source\lib\FatFs\option\ -I                 #
#                    E:\ShawnDocuments\IAR_WorkSpace\LPLD_Quad_V3\iar\..\sour #
#                    ce\lib\USB\common\ -I E:\ShawnDocuments\IAR_WorkSpace\LP #
#                    LD_Quad_V3\iar\..\source\lib\USB\driver\ -I              #
#                    E:\ShawnDocuments\IAR_WorkSpace\LPLD_Quad_V3\iar\..\sour #
#                    ce\lib\USB\descriptor\ -I E:\ShawnDocuments\IAR_WorkSpac #
#                    e\LPLD_Quad_V3\iar\..\source\lib\USB\class\ -I           #
#                    E:\ShawnDocuments\IAR_WorkSpace\LPLD_Quad_V3\iar\..\sour #
#                    ce\lib\MyLib\ -On -I "D:\Program Files\IAR               #
#                    Systems\Embedded Workbench 6.4\arm\CMSIS\Include\" -D    #
#                    ARM_MATH_CM4                                             #
#    List file    =  E:\ShawnDocuments\IAR_WorkSpace\LPLD_Quad_V3\iar\FLASH_M #
#                    INE\List\magfilter.lst                                   #
#    Object file  =  E:\ShawnDocuments\IAR_WorkSpace\LPLD_Quad_V3\iar\FLASH_M #
#                    INE\Obj\magfilter.o                                      #
#                                                                             #
#                                                                             #
###############################################################################

E:\ShawnDocuments\IAR_WorkSpace\LPLD_Quad_V3\source\app\SignalProcess\magfilter.c
      1          /****************************************************************************** 
      2           *       magfilter.c ----- The filter of magnitude data          *
      3           *       (c) Copyright 2012 HUST RENESAS LAB,The Department of CSE, HUST       *
      4           *                        All Rights Reserved                                  *
      5           *Filename             :  magfilter.c                                           *
      6           *Programmer(s)        :  Yang Xiang                                           *
      7           *Description          :                                                       *
      8           *Modification History :                                                       *
      9           *01a 2014/4/7 11:06:19                                                       *
     10           ******************************************************************************/

   \                                 In section .bss, align 4
     11          static float s_fMagFilterCurrent[3] = {0,0,0};
   \                     s_fMagFilterCurrent:
   \   00000000                      DS8 12
     12          

   \                                 In section .text, align 2, keep-with-next
     13          void InitMagFilter(void)
     14          {
     15              int i = 0;
   \                     InitMagFilter:
   \   00000000   0x2000             MOVS     R0,#+0
     16              for(i = 0; i < 3; i++)
   \   00000002   0x2100             MOVS     R1,#+0
   \   00000004   0x0008             MOVS     R0,R1
   \                     ??InitMagFilter_0:
   \   00000006   0x2803             CMP      R0,#+3
   \   00000008   0xDA05             BGE.N    ??InitMagFilter_1
     17              {
     18                  s_fMagFilterCurrent[i] = 0;
   \   0000000A   0x....             LDR.N    R1,??DataTable2
   \   0000000C   0x2200             MOVS     R2,#+0
   \   0000000E   0xF841 0x2020      STR      R2,[R1, R0, LSL #+2]
     19              }
   \   00000012   0x1C40             ADDS     R0,R0,#+1
   \   00000014   0xE7F7             B.N      ??InitMagFilter_0
     20          }
   \                     ??InitMagFilter_1:
   \   00000016   0x4770             BX       LR               ;; return
     21          

   \                                 In section .text, align 2, keep-with-next
     22          void MagFilterInput(float mag[3])
     23          {
     24              int i = 0;
   \                     MagFilterInput:
   \   00000000   0x2100             MOVS     R1,#+0
     25          
     26              for(i = 0; i < 3; i++)
   \   00000002   0x2200             MOVS     R2,#+0
   \   00000004   0x0011             MOVS     R1,R2
   \                     ??MagFilterInput_0:
   \   00000006   0x2903             CMP      R1,#+3
   \   00000008   0xDA06             BGE.N    ??MagFilterInput_1
     27              {
     28                  s_fMagFilterCurrent[i] = mag[i];
   \   0000000A   0xF850 0x2021      LDR      R2,[R0, R1, LSL #+2]
   \   0000000E   0x....             LDR.N    R3,??DataTable2
   \   00000010   0xF843 0x2021      STR      R2,[R3, R1, LSL #+2]
     29              }
   \   00000014   0x1C49             ADDS     R1,R1,#+1
   \   00000016   0xE7F6             B.N      ??MagFilterInput_0
     30          }
   \                     ??MagFilterInput_1:
   \   00000018   0x4770             BX       LR               ;; return
     31          

   \                                 In section .text, align 2, keep-with-next
     32          float * MagFilterGetCurrent(void)
     33          {
     34              return s_fMagFilterCurrent;
   \                     MagFilterGetCurrent:
   \   00000000   0x....             LDR.N    R0,??DataTable2
   \   00000002   0x4770             BX       LR               ;; return
     35          }

   \                                 In section .text, align 4, keep-with-next
   \                     ??DataTable2:
   \   00000000   0x........         DC32     s_fMagFilterCurrent

   Maximum stack usage in bytes:

   .cstack Function
   ------- --------
        0  InitMagFilter
        0  MagFilterGetCurrent
        0  MagFilterInput


   Section sizes:

   Bytes  Function/Label
   -----  --------------
       4  ??DataTable2
      24  InitMagFilter
       4  MagFilterGetCurrent
      26  MagFilterInput
      12  s_fMagFilterCurrent

 
 12 bytes in section .bss
 58 bytes in section .text
 
 58 bytes of CODE memory
 12 bytes of DATA memory

Errors: none
Warnings: none
