###############################################################################
#                                                                             #
# IAR ELF Linker V6.40.1.53790/W32 for ARM              21/Mar/2014  14:39:01 #
# Copyright 2007-2012 IAR Systems AB.                                         #
#                                                                             #
#    Output file  =  E:\ShawnDocuments\IAR_WorkSpace\LPLD_Quad_V2\iar\BOOT\Ex #
#                    e\LPLD_Quad_V2_K60.out                                   #
#    Map file     =  E:\ShawnDocuments\IAR_WorkSpace\LPLD_Quad_V2\iar\BOOT\Li #
#                    st\LPLD_Quad_V2_K60.map                                  #
#    Command line =  E:\ShawnDocuments\IAR_WorkSpace\LPLD_Quad_V2\iar\BOOT\Ob #
#                    j\DEV_LCD.o E:\ShawnDocuments\IAR_WorkSpace\LPLD_Quad_V2 #
#                    \iar\BOOT\Obj\HW_ADC.o E:\ShawnDocuments\IAR_WorkSpace\L #
#                    PLD_Quad_V2\iar\BOOT\Obj\HW_CAN.o                        #
#                    E:\ShawnDocuments\IAR_WorkSpace\LPLD_Quad_V2\iar\BOOT\Ob #
#                    j\HW_DAC.o E:\ShawnDocuments\IAR_WorkSpace\LPLD_Quad_V2\ #
#                    iar\BOOT\Obj\HW_DMA.o E:\ShawnDocuments\IAR_WorkSpace\LP #
#                    LD_Quad_V2\iar\BOOT\Obj\HW_ENET.o                        #
#                    E:\ShawnDocuments\IAR_WorkSpace\LPLD_Quad_V2\iar\BOOT\Ob #
#                    j\HW_FLASH.o E:\ShawnDocuments\IAR_WorkSpace\LPLD_Quad_V #
#                    2\iar\BOOT\Obj\HW_FLEXBUS.o                              #
#                    E:\ShawnDocuments\IAR_WorkSpace\LPLD_Quad_V2\iar\BOOT\Ob #
#                    j\HW_FTM.o E:\ShawnDocuments\IAR_WorkSpace\LPLD_Quad_V2\ #
#                    iar\BOOT\Obj\HW_GPIO.o E:\ShawnDocuments\IAR_WorkSpace\L #
#                    PLD_Quad_V2\iar\BOOT\Obj\HW_I2C.o                        #
#                    E:\ShawnDocuments\IAR_WorkSpace\LPLD_Quad_V2\iar\BOOT\Ob #
#                    j\HW_LPTMR.o E:\ShawnDocuments\IAR_WorkSpace\LPLD_Quad_V #
#                    2\iar\BOOT\Obj\HW_MCG.o E:\ShawnDocuments\IAR_WorkSpace\ #
#                    LPLD_Quad_V2\iar\BOOT\Obj\HW_NVIC.o                      #
#                    E:\ShawnDocuments\IAR_WorkSpace\LPLD_Quad_V2\iar\BOOT\Ob #
#                    j\HW_PDB.o E:\ShawnDocuments\IAR_WorkSpace\LPLD_Quad_V2\ #
#                    iar\BOOT\Obj\HW_PIT.o E:\ShawnDocuments\IAR_WorkSpace\LP #
#                    LD_Quad_V2\iar\BOOT\Obj\HW_RTC.o                         #
#                    E:\ShawnDocuments\IAR_WorkSpace\LPLD_Quad_V2\iar\BOOT\Ob #
#                    j\HW_SDHC.o E:\ShawnDocuments\IAR_WorkSpace\LPLD_Quad_V2 #
#                    \iar\BOOT\Obj\HW_SPI.o E:\ShawnDocuments\IAR_WorkSpace\L #
#                    PLD_Quad_V2\iar\BOOT\Obj\HW_SYSTICK.o                    #
#                    E:\ShawnDocuments\IAR_WorkSpace\LPLD_Quad_V2\iar\BOOT\Ob #
#                    j\HW_TSI.o E:\ShawnDocuments\IAR_WorkSpace\LPLD_Quad_V2\ #
#                    iar\BOOT\Obj\HW_UART.o E:\ShawnDocuments\IAR_WorkSpace\L #
#                    PLD_Quad_V2\iar\BOOT\Obj\HW_USB.o                        #
#                    E:\ShawnDocuments\IAR_WorkSpace\LPLD_Quad_V2\iar\BOOT\Ob #
#                    j\HW_WDOG.o E:\ShawnDocuments\IAR_WorkSpace\LPLD_Quad_V2 #
#                    \iar\BOOT\Obj\LPLD_Quad_V2.o                             #
#                    E:\ShawnDocuments\IAR_WorkSpace\LPLD_Quad_V2\iar\BOOT\Ob #
#                    j\alloc.o E:\ShawnDocuments\IAR_WorkSpace\LPLD_Quad_V2\i #
#                    ar\BOOT\Obj\assert.o E:\ShawnDocuments\IAR_WorkSpace\LPL #
#                    D_Quad_V2\iar\BOOT\Obj\io.o                              #
#                    E:\ShawnDocuments\IAR_WorkSpace\LPLD_Quad_V2\iar\BOOT\Ob #
#                    j\lights.o E:\ShawnDocuments\IAR_WorkSpace\LPLD_Quad_V2\ #
#                    iar\BOOT\Obj\printf.o E:\ShawnDocuments\IAR_WorkSpace\LP #
#                    LD_Quad_V2\iar\BOOT\Obj\queue.o                          #
#                    E:\ShawnDocuments\IAR_WorkSpace\LPLD_Quad_V2\iar\BOOT\Ob #
#                    j\relocate.o E:\ShawnDocuments\IAR_WorkSpace\LPLD_Quad_V #
#                    2\iar\BOOT\Obj\startup_K60.o                             #
#                    E:\ShawnDocuments\IAR_WorkSpace\LPLD_Quad_V2\iar\BOOT\Ob #
#                    j\stdlib.o E:\ShawnDocuments\IAR_WorkSpace\LPLD_Quad_V2\ #
#                    iar\BOOT\Obj\system_MK60DZ10.o                           #
#                    E:\ShawnDocuments\IAR_WorkSpace\LPLD_Quad_V2\iar\BOOT\Ob #
#                    j\uif.o --redirect _Printf=_PrintfFull --redirect        #
#                    _Scanf=_ScanfFull -o E:\ShawnDocuments\IAR_WorkSpace\LPL #
#                    D_Quad_V2\iar\BOOT\Exe\LPLD_Quad_V2_K60.out --map        #
#                    E:\ShawnDocuments\IAR_WorkSpace\LPLD_Quad_V2\iar\BOOT\Li #
#                    st\LPLD_Quad_V2_K60.map --config                         #
#                    E:\ShawnDocuments\IAR_WorkSpace\LPLD_Quad_V2\iar\..\sour #
#                    ce\lib\iar_config_files\LPLD_BOOT_K60DN512.icf           #
#                    --semihosting --entry __iar_program_start "D:\Program    #
#                    Files\IAR Systems\Embedded Workbench                     #
#                    6.4\arm\CMSIS\Lib\IAR\iar_cortexM4l_math.a"              #
#                    --merge_duplicate_sections --vfe                         #
#                                                                             #
#                                                                             #
###############################################################################

*******************************************************************************
*** RUNTIME MODEL ATTRIBUTES
***

CppFlavor       = *
__SystemLibrary = DLib


*******************************************************************************
*** PLACEMENT SUMMARY
***

"A1":  place at 0x00005000 { ro section .intvec };
"A2":  place at 0x00005410 { ro section .noinit };
"P1":  place in [from 0x00005000 to 0x000053ff] |
                [from 0x00005410 to 0x00080000] { ro, block CodeRelocate };
"P2":  place in [from 0x1fff0410 to 0x20010000] {
          rw, block CodeRelocateRam, block CSTACK, block HEAP };

  Section              Kind        Address    Size  Object
  -------              ----        -------    ----  ------
"A1":                                        0x400
  .intvec              ro code  0x00005000   0x400  startup_K60.o [1]
                              - 0x00005400   0x400

"A2":                                         0x14
  .noinit              ro code  0x00005410    0x10  startup_K60.o [1]
  .noinit              ro code  0x00005420     0x4  startup_K60.o [1]
                              - 0x00005424    0x14

"P1":                                       0x1e3c
  .text                ro code  0x00005424   0x508  HW_UART.o [1]
  .text                ro code  0x0000592c   0x4bc  printf.o [1]
  .text                ro code  0x00005de8    0x1c  stdlib.o [1]
  .text                ro code  0x00005e04   0x218  HW_SPI.o [1]
  .text                ro code  0x0000601c   0x1e2  HW_CAN.o [1]
  .text                ro code  0x000061fe    0x22  zero_init3.o [5]
  .text                ro code  0x00006220   0x1a8  HW_GPIO.o [1]
  .text                ro code  0x000063c8    0x10  assert.o [1]
  Veneer               ro code  0x000063d8     0x8  - Linker created -
  .text                ro code  0x000063e0   0x1a4  HW_MCG.o [1]
  .text                ro code  0x00006584   0x19c  system_MK60DZ10.o [1]
  .text                ro code  0x00006720    0xa0  relocate.o [1]
  .text                ro code  0x000067c0    0x56  ABImemcpy.o [5]
  .text                ro code  0x00006818   0x168  HW_DMA.o [1]
  .text                ro code  0x00006980    0xf4  HW_DAC.o [1]
  .text                ro code  0x00006a74    0xde  lights.o [1]
  .text                ro code  0x00006b54    0xcc  HW_I2C.o [1]
  .text                ro code  0x00006c20    0x80  HW_ENET.o [1]
  .text                ro code  0x00006ca0    0x80  HW_PDB.o [1]
  .text                ro code  0x00006d20    0x70  HW_TSI.o [1]
  .text                ro code  0x00006d90    0x6c  HW_PIT.o [1]
  .text                ro code  0x00006dfc    0x60  HW_RTC.o [1]
  .data_init                    0x00006e5c    0x54  <Block>
    Initializer bytes  ro data  0x00006e5c    0x54  <for .data-1>
  .rodata              const    0x00006eb0    0x4c  HW_GPIO.o [1]
  CodeRelocate                  0x00006efc    0x4c  <Block>
    Initializer bytes  ro data  0x00006efc    0x4c  <for CodeRelocateRam-1>
  .rodata              const    0x00006f48    0x48  system_MK60DZ10.o [1]
  .rodata              const    0x00006f90    0x44  system_MK60DZ10.o [1]
  .rodata              const    0x00006fd4    0x44  system_MK60DZ10.o [1]
  .rodata              const    0x00007018    0x30  assert.o [1]
  .rodata              const    0x00007048    0x30  system_MK60DZ10.o [1]
  .rodata              const    0x00007078    0x30  system_MK60DZ10.o [1]
  .text                ro code  0x000070a8    0x2e  LPLD_Quad_V2.o [1]
  .text                ro code  0x000070d8    0x28  data_init3.o [5]
  .rodata              const    0x00007100    0x24  system_MK60DZ10.o [1]
  .rodata              const    0x00007124    0x24  system_MK60DZ10.o [1]
  .text                ro code  0x00007148    0x24  HW_FTM.o [1]
  .iar.init_table      const    0x0000716c    0x10  - Linker created -
  .rodata              const    0x0000717c    0x20  system_MK60DZ10.o [1]
  .text                ro code  0x0000719c    0x20  HW_LPTMR.o [1]
  .text                ro code  0x000071bc    0x1c  HW_ADC.o [1]
  .text                ro code  0x000071d8    0x16  cmain.o [5]
  .text                ro code  0x000071ee     0x4  low_level_init.o [3]
  .text                ro code  0x000071f2     0x4  exit.o [3]
  .text                ro code  0x000071f8     0xa  cexit.o [5]
  .text                ro code  0x00007204    0x14  exit.o [6]
  .text                ro code  0x00007218    0x14  io.o [1]
  .text                ro code  0x0000722c    0x10  HW_SYSTICK.o [1]
  .text                ro code  0x0000723c    0x10  HW_USB.o [1]
  .text                ro code  0x0000724c     0xc  cstartup_M.o [5]
  .rodata              const    0x00007258     0x8  system_MK60DZ10.o [1]
  .rodata              const    0x00007260     0x0  zero_init3.o [5]
                              - 0x00007260  0x1e3c

"P2", part 1 of 3:                            0xa0
  .data                         0x1fff0410    0x54  <Block>
    .data-1                     0x1fff0410    0x54  <Init block>
      .data            inited   0x1fff0410     0x4  HW_MCG.o [1]
      .data            inited   0x1fff0414     0x4  HW_MCG.o [1]
      .data            inited   0x1fff0418     0x4  HW_MCG.o [1]
      .data            inited   0x1fff041c     0x4  HW_MCG.o [1]
      .data            inited   0x1fff0420    0x20  lights.o [1]
      .data            inited   0x1fff0440    0x20  lights.o [1]
      .data            inited   0x1fff0460     0x4  system_MK60DZ10.o [1]
  CodeRelocateRam               0x1fff0464    0x4c  <Block>
    CodeRelocateRam-1           0x1fff0464    0x4c  <Init block>
      .textrw          inited   0x1fff0464    0x4c  HW_MCG.o [1]
                              - 0x1fff04b0    0xa0

"P2", part 2 of 3:                           0x2c8
  .bss                          0x1fff04b0   0x2c8  <Block>
    .bss               zero     0x1fff04b0     0x8  HW_ADC.o [1]
    .bss               zero     0x1fff04b8   0x100  HW_CAN.o [1]
    .bss               zero     0x1fff05b8    0x40  HW_CAN.o [1]
    .bss               zero     0x1fff05f8    0x40  HW_CAN.o [1]
    .bss               zero     0x1fff0638     0x8  HW_DAC.o [1]
    .bss               zero     0x1fff0640     0x8  HW_DAC.o [1]
    .bss               zero     0x1fff0648     0x8  HW_DAC.o [1]
    .bss               zero     0x1fff0650    0x40  HW_DMA.o [1]
    .bss               zero     0x1fff0690    0x10  HW_ENET.o [1]
    .bss               zero     0x1fff06a0     0xc  HW_FTM.o [1]
    .bss               zero     0x1fff06ac    0x14  HW_GPIO.o [1]
    .bss               zero     0x1fff06c0     0x8  HW_I2C.o [1]
    .bss               zero     0x1fff06c8     0x4  HW_LPTMR.o [1]
    .bss               zero     0x1fff06cc     0x4  HW_PDB.o [1]
    .bss               zero     0x1fff06d0     0x4  HW_PDB.o [1]
    .bss               zero     0x1fff06d4    0x10  HW_PIT.o [1]
    .bss               zero     0x1fff06e4     0xc  HW_RTC.o [1]
    .bss               zero     0x1fff06f0    0x18  HW_SPI.o [1]
    .bss               zero     0x1fff0708    0x18  HW_SPI.o [1]
    .bss               zero     0x1fff0720    0x18  HW_SPI.o [1]
    .bss               zero     0x1fff0738     0x4  HW_SYSTICK.o [1]
    .bss               zero     0x1fff073c     0x8  HW_TSI.o [1]
    .bss               zero     0x1fff0744    0x18  HW_UART.o [1]
    .bss               zero     0x1fff075c    0x18  HW_UART.o [1]
    .bss               zero     0x1fff0774     0x4  HW_USB.o [1]
                              - 0x1fff0778   0x2c8

"P2", part 3 of 3:                          0x2000
  CSTACK                        0x1fff0778  0x2000  <Block>
    CSTACK             uninit   0x1fff0778  0x2000  <Block tail>
                              - 0x1fff2778  0x2000


*******************************************************************************
*** INIT TABLE
***

          Address     Size
          -------     ----
Zero (__iar_zero_init3)
    1 destination range, total size 0x2c8:
          0x1fff04b0  0x2c8



*******************************************************************************
*** MODULE SUMMARY
***

    Module             ro code  rw code  ro data  rw data
    ------             -------  -------  -------  -------
E:\ShawnDocuments\IAR_WorkSpace\LPLD_Quad_V2\iar\BOOT\Obj: [1]
    HW_ADC.o                28                          8
    HW_CAN.o               482                        384
    HW_DAC.o               244                         24
    HW_DMA.o               360                         64
    HW_ENET.o              128                         16
    HW_FTM.o                36                         12
    HW_GPIO.o              424                76       20
    HW_I2C.o               204                          8
    HW_LPTMR.o              32                          4
    HW_MCG.o               420       76       92       16
    HW_PDB.o               128                          8
    HW_PIT.o               108                         16
    HW_RTC.o                96                         12
    HW_SPI.o               536                         72
    HW_SYSTICK.o            16                          4
    HW_TSI.o               112                          8
    HW_UART.o            1 288                         48
    HW_USB.o                16                          4
    LPLD_Quad_V2.o          46
    assert.o                16                48
    io.o                    20
    lights.o               222                64       64
    printf.o             1 212
    relocate.o             160
    startup_K60.o        1 044
    stdlib.o                28
    system_MK60DZ10.o      412               420        4
    -----------------------------------------------------
    Total:               7 818       76      700      796

command line: [2]
    -----------------------------------------------------
    Total:

dl7M_tln.a: [3]
    exit.o                   4
    low_level_init.o         4
    -----------------------------------------------------
    Total:                   8

m7M_tl.a: [4]
    -----------------------------------------------------
    Total:

rt7M_tl.a: [5]
    ABImemcpy.o             86
    cexit.o                 10
    cmain.o                 22
    cstartup_M.o            12
    data_init3.o            40
    zero_init3.o            34
    -----------------------------------------------------
    Total:                 204

shb_l.a: [6]
    exit.o                  20
    -----------------------------------------------------
    Total:                  20

    Gaps                    10
    Linker created           8                16    8 192
---------------------------------------------------------
    Grand Total:         8 068       76      716    8 988


*******************************************************************************
*** ENTRY LIST
***

Entry                      Address   Size  Type      Object
-----                      -------   ----  ----      ------
.bss$$Base              0x1fff04b0          --   Gb  - Linker created -
.bss$$Limit             0x1fff0778          --   Gb  - Linker created -
.data$$Base             0x1fff0410          --   Gb  - Linker created -
.data$$Limit            0x1fff0464          --   Gb  - Linker created -
.data_init$$Base        0x00006e5c          --   Gb  - Linker created -
.data_init$$Limit       0x00006eb0          --   Gb  - Linker created -
?main                   0x000071d9         Code  Gb  cmain.o [5]
ADC0_IRQHandler         0x000071bd    0xa  Code  Gb  HW_ADC.o [1]
ADC1_IRQHandler         0x000071c7    0xa  Code  Gb  HW_ADC.o [1]
ADC_ISR                 0x1fff04b0    0x8  Data  Gb  HW_ADC.o [1]
ASSERT_FAILED_STR       0x00007018   0x30  Data  Gb  assert.o [1]
BusFault_Handler        0x00005421         Code  Wk  startup_K60.o [1]
CAN0_BUS_OFF_IRQHandler
                        0x00006177    0x8  Code  Gb  HW_CAN.o [1]
CAN0_ERR_IRQHandler     0x0000617f    0xe  Code  Gb  HW_CAN.o [1]
CAN0_IMEU_IRQHandler    0x000061a3    0x2  Code  Gb  HW_CAN.o [1]
CAN0_ISR                0x1fff05b8   0x40  Data  Gb  HW_CAN.o [1]
CAN0_LR_IRQHandler      0x000061a5    0x2  Code  Gb  HW_CAN.o [1]
CAN0_MESS_IRQHandler    0x0000616f    0x8  Code  Gb  HW_CAN.o [1]
CAN0_RW_IRQHandler      0x00006197    0xa  Code  Gb  HW_CAN.o [1]
CAN0_TW_IRQHandler      0x0000618d    0xa  Code  Gb  HW_CAN.o [1]
CAN0_WAKE_UP_IRQHandler
                        0x000061a1    0x2  Code  Gb  HW_CAN.o [1]
CAN1_BUS_OFF_IRQHandler
                        0x000061af    0x8  Code  Gb  HW_CAN.o [1]
CAN1_ERR_IRQHandler     0x000061b7    0xe  Code  Gb  HW_CAN.o [1]
CAN1_IMEU_IRQHandler    0x000061fb    0x2  Code  Gb  HW_CAN.o [1]
CAN1_ISR                0x1fff05f8   0x40  Data  Gb  HW_CAN.o [1]
CAN1_LR_IRQHandler      0x000061fd    0x2  Code  Gb  HW_CAN.o [1]
CAN1_MESS_IRQHandler    0x000061a7    0x8  Code  Gb  HW_CAN.o [1]
CAN1_RW_IRQHandler      0x000061cf    0xa  Code  Gb  HW_CAN.o [1]
CAN1_TW_IRQHandler      0x000061c5    0xa  Code  Gb  HW_CAN.o [1]
CAN1_WAKE_UP_IRQHandler
                        0x000061f9    0x2  Code  Gb  HW_CAN.o [1]
CMP0_IRQHandler         0x00005421         Code  Wk  startup_K60.o [1]
CMP1_IRQHandler         0x00005421         Code  Wk  startup_K60.o [1]
CMP2_IRQHandler         0x00005421         Code  Wk  startup_K60.o [1]
CMT_IRQHandler          0x00005421         Code  Wk  startup_K60.o [1]
CSTACK$$Base            0x1fff0778          --   Gb  - Linker created -
CSTACK$$Limit           0x1fff2778          --   Gb  - Linker created -
CodeRelocate$$Base      0x00006efc          --   Gb  - Linker created -
CodeRelocate$$Limit     0x00006f48          --   Gb  - Linker created -
CodeRelocateRam$$Base   0x1fff0464          --   Gb  - Linker created -
CodeRelocateRam$$Limit  0x1fff04b0          --   Gb  - Linker created -
DAC0_IRQHandler         0x00006981   0x6a  Code  Gb  HW_DAC.o [1]
DAC1_IRQHandler         0x000069eb   0x6a  Code  Gb  HW_DAC.o [1]
DAC_RDPTBOT_ISR         0x1fff0638    0x8  Data  Gb  HW_DAC.o [1]
DAC_RDPTTOP_ISR         0x1fff0640    0x8  Data  Gb  HW_DAC.o [1]
DAC_WATERMK_ISR         0x1fff0648    0x8  Data  Gb  HW_DAC.o [1]
DMA0_IRQHandler         0x00006819   0x16  Code  Gb  HW_DMA.o [1]
DMA10_IRQHandler        0x000068f5   0x16  Code  Gb  HW_DMA.o [1]
DMA11_IRQHandler        0x0000690b   0x16  Code  Gb  HW_DMA.o [1]
DMA12_IRQHandler        0x00006921   0x16  Code  Gb  HW_DMA.o [1]
DMA13_IRQHandler        0x00006937   0x16  Code  Gb  HW_DMA.o [1]
DMA14_IRQHandler        0x0000694d   0x16  Code  Gb  HW_DMA.o [1]
DMA15_IRQHandler        0x00006963   0x16  Code  Gb  HW_DMA.o [1]
DMA1_IRQHandler         0x0000682f   0x16  Code  Gb  HW_DMA.o [1]
DMA2_IRQHandler         0x00006845   0x16  Code  Gb  HW_DMA.o [1]
DMA3_IRQHandler         0x0000685b   0x16  Code  Gb  HW_DMA.o [1]
DMA4_IRQHandler         0x00006871   0x16  Code  Gb  HW_DMA.o [1]
DMA5_IRQHandler         0x00006887   0x16  Code  Gb  HW_DMA.o [1]
DMA6_IRQHandler         0x0000689d   0x16  Code  Gb  HW_DMA.o [1]
DMA7_IRQHandler         0x000068b3   0x16  Code  Gb  HW_DMA.o [1]
DMA8_IRQHandler         0x000068c9   0x16  Code  Gb  HW_DMA.o [1]
DMA9_IRQHandler         0x000068df   0x16  Code  Gb  HW_DMA.o [1]
DMA_ERR_IRQHandler      0x00005421         Code  Wk  startup_K60.o [1]
DMA_ISR                 0x1fff0650   0x40  Data  Gb  HW_DMA.o [1]
DebugMon_Handler        0x00005421         Code  Wk  startup_K60.o [1]
DefaultISR              0x000066a9   0x14  Code  Gb  system_MK60DZ10.o [1]
ENET_ISR                0x1fff0690   0x10  Data  Gb  HW_ENET.o [1]
Eth_Err_Misc_IRQHandler
                        0x00006c83   0x16  Code  Gb  HW_ENET.o [1]
Eth_IEEE1588_IRQHandler
                        0x00006c6d   0x16  Code  Gb  HW_ENET.o [1]
Eth_RX_IRQHandler       0x00006c21   0x26  Code  Gb  HW_ENET.o [1]
Eth_TX_IRQHandler       0x00006c47   0x26  Code  Gb  HW_ENET.o [1]
FLASH_CC_IRQHandler     0x00005421         Code  Wk  startup_K60.o [1]
FLASH_RC_IRQHandler     0x00005421         Code  Wk  startup_K60.o [1]
FTM0_IRQHandler         0x00007149    0xa  Code  Gb  HW_FTM.o [1]
FTM1_IRQHandler         0x00007153    0xa  Code  Gb  HW_FTM.o [1]
FTM2_IRQHandler         0x0000715d    0xa  Code  Gb  HW_FTM.o [1]
FTM_ISR                 0x1fff06a0    0xc  Data  Gb  HW_FTM.o [1]
GPIO_ISR                0x1fff06ac   0x14  Data  Gb  HW_GPIO.o [1]
HardFault_Handler       0x0000669f    0xa  Code  Gb  system_MK60DZ10.o [1]
I2C0_IRQHandler         0x00006b55   0x5a  Code  Gb  HW_I2C.o [1]
I2C1_IRQHandler         0x00006baf   0x5a  Code  Gb  HW_I2C.o [1]
I2C_ISR                 0x1fff06c0    0x8  Data  Gb  HW_I2C.o [1]
I2S_IRQHandler          0x00005421         Code  Wk  startup_K60.o [1]
LLWU_IRQHandler         0x00005421         Code  Wk  startup_K60.o [1]
LPLD_CAN_Interrupt_ClearPending
                        0x0000601d   0x24  Code  Lc  HW_CAN.o [1]
LPLD_CAN_Interrupt_GetFlag
                        0x00006041   0x1e  Code  Lc  HW_CAN.o [1]
LPLD_CAN_MB_ISR         0x00006115   0x5a  Code  Lc  HW_CAN.o [1]
LPLD_CAN_Receive_Interrupt
                        0x000060b9   0x5c  Code  Lc  HW_CAN.o [1]
LPLD_CAN_Transmit_Interrupt
                        0x0000605f   0x5a  Code  Gb  HW_CAN.o [1]
LPLD_GPIO_Init          0x00006221   0xe4  Code  Gb  HW_GPIO.o [1]
LPLD_GPIO_Output_b      0x00006305   0x18  Code  Gb  HW_GPIO.o [1]
LPLD_GPIO_Toggle_b      0x0000631d    0xa  Code  Gb  HW_GPIO.o [1]
LPLD_PLL_Setup          0x000063e1  0x1a4  Code  Gb  HW_MCG.o [1]
LPLD_Set_SYS_DIV        0x1fff0465   0x4c  Code  Gb  HW_MCG.o [1]
LPLD_UART_Init          0x00005425  0x314  Code  Gb  HW_UART.o [1]
LPLD_UART_PutChar       0x00005739    0xa  Code  Gb  HW_UART.o [1]
LPTMR_ISR               0x1fff06c8    0x4  Data  Gb  HW_LPTMR.o [1]
LPT_IRQHandler          0x0000719d   0x16  Code  Gb  HW_LPTMR.o [1]
MCG_IRQHandler          0x00005421         Code  Wk  startup_K60.o [1]
MCM_IRQHandler          0x00005421         Code  Wk  startup_K60.o [1]
MemManage_Handler       0x00005421         Code  Wk  startup_K60.o [1]
NMI_Handler             0x00005421         Code  Wk  startup_K60.o [1]
OS_CPU_PendSVHandler    0x00005421         Code  Wk  startup_K60.o [1]
OS_CPU_SysTickHandler   0x0000722d    0xa  Code  Gb  HW_SYSTICK.o [1]
PDB_IRQHandler          0x00006ca1   0x6a  Code  Gb  HW_PDB.o [1]
PDB_ISR                 0x1fff06cc    0x4  Data  Gb  HW_PDB.o [1]
PDB_SE_ISR              0x1fff06d0    0x4  Data  Gb  HW_PDB.o [1]
PIT0_IRQHandler         0x00006d91   0x16  Code  Gb  HW_PIT.o [1]
PIT1_IRQHandler         0x00006da7   0x16  Code  Gb  HW_PIT.o [1]
PIT2_IRQHandler         0x00006dbd   0x16  Code  Gb  HW_PIT.o [1]
PIT3_IRQHandler         0x00006dd3   0x16  Code  Gb  HW_PIT.o [1]
PIT_ISR                 0x1fff06d4   0x10  Data  Gb  HW_PIT.o [1]
PORTA_IRQHandler        0x00006327   0x12  Code  Gb  HW_GPIO.o [1]
PORTB_IRQHandler        0x00006339   0x12  Code  Gb  HW_GPIO.o [1]
PORTC_IRQHandler        0x0000634b   0x12  Code  Gb  HW_GPIO.o [1]
PORTD_IRQHandler        0x0000635d   0x12  Code  Gb  HW_GPIO.o [1]
PORTE_IRQHandler        0x0000636f   0x12  Code  Gb  HW_GPIO.o [1]
RNGB_IRQHandler         0x00005421         Code  Wk  startup_K60.o [1]
RTC_IRQHandler          0x00006dfd   0x56  Code  Gb  HW_RTC.o [1]
RTC_ISR                 0x1fff06e4    0xc  Data  Gb  HW_RTC.o [1]
Region$$Table$$Base     0x0000716c          --   Gb  - Linker created -
Region$$Table$$Limit    0x0000717c          --   Gb  - Linker created -
Reserved102_IRQHandler  0x00005421         Code  Wk  startup_K60.o [1]
Reserved108_IRQHandler  0x00005421         Code  Wk  startup_K60.o [1]
Reserved109_IRQHandler  0x00005421         Code  Wk  startup_K60.o [1]
Reserved110_IRQHandler  0x00005421         Code  Wk  startup_K60.o [1]
Reserved111_IRQHandler  0x00005421         Code  Wk  startup_K60.o [1]
Reserved112_IRQHandler  0x00005421         Code  Wk  startup_K60.o [1]
Reserved113_IRQHandler  0x00005421         Code  Wk  startup_K60.o [1]
Reserved114_IRQHandler  0x00005421         Code  Wk  startup_K60.o [1]
Reserved115_IRQHandler  0x00005421         Code  Wk  startup_K60.o [1]
Reserved116_IRQHandler  0x00005421         Code  Wk  startup_K60.o [1]
Reserved117_IRQHandler  0x00005421         Code  Wk  startup_K60.o [1]
Reserved118_IRQHandler  0x00005421         Code  Wk  startup_K60.o [1]
Reserved119_IRQHandler  0x00005421         Code  Wk  startup_K60.o [1]
Reserved83_IRQHandler   0x00005421         Code  Wk  startup_K60.o [1]
Reset_Handler           0x00005411         Code  Wk  startup_K60.o [1]
SDHC_IRQHandler         0x00005421         Code  Wk  startup_K60.o [1]
SPI0_IRQHandler         0x00005e05   0xaa  Code  Gb  HW_SPI.o [1]
SPI0_ISR                0x1fff06f0   0x18  Data  Gb  HW_SPI.o [1]
SPI1_IRQHandler         0x00005eaf   0xaa  Code  Gb  HW_SPI.o [1]
SPI1_ISR                0x1fff0708   0x18  Data  Gb  HW_SPI.o [1]
SPI2_IRQHandler         0x00005f59   0xaa  Code  Gb  HW_SPI.o [1]
SPI2_ISR                0x1fff0720   0x18  Data  Gb  HW_SPI.o [1]
SVC_Handler             0x00005421         Code  Wk  startup_K60.o [1]
SYSTICK_ISR             0x1fff0738    0x4  Data  Gb  HW_SYSTICK.o [1]
SystemCoreClock         0x1fff0460    0x4  Data  Gb  system_MK60DZ10.o [1]
SystemCoreClockUpdate   0x00006679   0x26  Code  Gb  system_MK60DZ10.o [1]
SystemInit              0x00006585   0xf4  Code  Gb  system_MK60DZ10.o [1]
TSI_IRQHandler          0x00006d21   0x5c  Code  Gb  HW_TSI.o [1]
TSI_ISR                 0x1fff073c    0x8  Data  Gb  HW_TSI.o [1]
UART0_ERR_IRQHandler    0x00005421         Code  Wk  startup_K60.o [1]
UART0_IRQHandler        0x00005743   0x30  Code  Gb  HW_UART.o [1]
UART1_ERR_IRQHandler    0x00005421         Code  Wk  startup_K60.o [1]
UART1_IRQHandler        0x00005773   0x30  Code  Gb  HW_UART.o [1]
UART2_ERR_IRQHandler    0x00005421         Code  Wk  startup_K60.o [1]
UART2_IRQHandler        0x000057a3   0x30  Code  Gb  HW_UART.o [1]
UART3_ERR_IRQHandler    0x00005421         Code  Wk  startup_K60.o [1]
UART3_IRQHandler        0x000057d3   0x30  Code  Gb  HW_UART.o [1]
UART4_ERR_IRQHandler    0x00005421         Code  Wk  startup_K60.o [1]
UART4_IRQHandler        0x00005803   0x30  Code  Gb  HW_UART.o [1]
UART5_ERR_IRQHandler    0x00005421         Code  Wk  startup_K60.o [1]
UART5_IRQHandler        0x00005833   0x30  Code  Gb  HW_UART.o [1]
UART_R_ISR              0x1fff0744   0x18  Data  Gb  HW_UART.o [1]
UART_T_ISR              0x1fff075c   0x18  Data  Gb  HW_UART.o [1]
USB_CD_IRQHandler       0x00005421         Code  Wk  startup_K60.o [1]
USB_ISR                 0x1fff0774    0x4  Data  Gb  HW_USB.o [1]
USB_OTG_IRQHandler      0x0000723d    0xa  Code  Gb  HW_USB.o [1]
UsageFault_Handler      0x00005421         Code  Wk  startup_K60.o [1]
VLD_IRQHandler          0x00005421         Code  Wk  startup_K60.o [1]
WDOG_IRQHandler         0x00005421         Code  Wk  startup_K60.o [1]
__BOOT_STACK_ADDRESS {Abs}
                        0x2000fff8          --   Gb  command line/config [2]
__VECTOR_RAM {Abs}      0x1fff0000          --   Gb  command line/config [2]
__VECTOR_TABLE {Abs}    0x00005000          --   Gb  command line/config [2]
__Vectors               0x00005000          --   Gb  startup_K60.o [1]
__Vectors_End           0x00005400         Data  Gb  startup_K60.o [1]
__Vectors_Size {Abs}    0x00000400          --   Gb  startup_K60.o [1]
__aeabi_memcpy4         0x000067c1         Code  Gb  ABImemcpy.o [5]
__aeabi_memcpy8         0x000067c1         Code  Gb  ABImemcpy.o [5]
__cmain                 0x000071d9         Code  Gb  cmain.o [5]
__exit                  0x00007205   0x14  Code  Gb  exit.o [6]
__iar_data_init3        0x000070d9   0x28  Code  Gb  data_init3.o [5]
__iar_program_start     0x0000724d         Code  Gb  cstartup_M.o [5]
__iar_zero_init3        0x000061ff   0x22  Code  Gb  zero_init3.o [5]
__low_level_init        0x000071ef    0x4  Code  Gb  low_level_init.o [3]
__vector_table          0x00005000         Data  Gb  startup_K60.o [1]
__vector_table_0x1c     0x0000501c         Data  Gb  startup_K60.o [1]
_call_main              0x000071e5         Code  Gb  cmain.o [5]
_exit                   0x000071f9         Code  Gb  cexit.o [5]
_main                   0x000071eb         Code  Gb  cmain.o [5]
assert_failed           0x000063c9   0x10  Code  Gb  assert.o [1]
common_relocate         0x00006721   0xa0  Code  Gb  relocate.o [1]
exit                    0x000071f3    0x4  Code  Gb  exit.o [3]
flexcan_msgobj_param_t  0x1fff04b8  0x100  Data  Gb  HW_CAN.o [1]
g_bus_clock             0x1fff0414    0x4  Data  Gb  HW_MCG.o [1]
g_core_clock            0x1fff0410    0x4  Data  Gb  HW_MCG.o [1]
g_flash_clock           0x1fff0418    0x4  Data  Gb  HW_MCG.o [1]
g_flexbus_clock         0x1fff041c    0x4  Data  Gb  HW_MCG.o [1]
led_port                0x1fff0420   0x20  Data  Lc  lights.o [1]
led_port_bit            0x1fff0440   0x20  Data  Lc  lights.o [1]
light_init              0x00006a75   0x48  Code  Gb  lights.o [1]
main                    0x000070a9   0x26  Code  Gb  LPLD_Quad_V2.o [1]
out_char                0x00007219    0xe  Code  Gb  io.o [1]
printf                  0x00005dc5   0x1e  Code  Gb  printf.o [1]
printk                  0x00005a05  0x3c0  Code  Gb  printf.o [1]
printk_mknumstr         0x00005959   0x70  Code  Lc  printf.o [1]
printk_pad_space        0x000059e7   0x1e  Code  Lc  printf.o [1]
printk_pad_zero         0x000059c9   0x1e  Code  Lc  printf.o [1]
printk_putc             0x0000592d   0x2c  Code  Lc  printf.o [1]
set_light_1_on_off      0x00006ae1   0x28  Code  Gb  lights.o [1]
strlen                  0x00005de9   0x1c  Code  Gb  stdlib.o [1]
toggle_light_1          0x00006b09   0x1c  Code  Gb  lights.o [1]
toggle_lights           0x00006b31   0x22  Code  Gb  lights.o [1]
turn_lights_on          0x00006abd   0x24  Code  Gb  lights.o [1]
uart_init               0x000070d5    0x2  Code  Gb  LPLD_Quad_V2.o [1]


[1] = E:\ShawnDocuments\IAR_WorkSpace\LPLD_Quad_V2\iar\BOOT\Obj
[2] = command line
[3] = dl7M_tln.a
[4] = m7M_tl.a
[5] = rt7M_tl.a
[6] = shb_l.a

  8 068 bytes of readonly  code memory
     76 bytes of readwrite code memory
    716 bytes of readonly  data memory
  8 988 bytes of readwrite data memory

Errors: none
Warnings: none
